army : 8
size : 40 40
0 0 : { NODE_TYPE_FORT 0 43 }
0 1 : { NODE_TYPE_BLANK 0 0 }
0 2 : { NODE_TYPE_BLANK 0 0 }
0 3 : { NODE_TYPE_BLANK 0 0 }
0 4 : { NODE_TYPE_HILL 0 0 }
0 5 : { NODE_TYPE_BLANK 0 0 }
0 6 : { NODE_TYPE_BLANK 0 0 }
0 7 : { NODE_TYPE_FORT 0 49 }
0 8 : { NODE_TYPE_BLANK 0 0 }
0 9 : { NODE_TYPE_BLANK 0 0 }
0 10 : { NODE_TYPE_BLANK 0 0 }
0 11 : { NODE_TYPE_BLANK 0 0 }
0 12 : { NODE_TYPE_BLANK 0 0 }
0 13 : { NODE_TYPE_BLANK 0 0 }
0 14 : { NODE_TYPE_HILL 0 0 }
0 15 : { NODE_TYPE_BLANK 0 0 }
0 16 : { NODE_TYPE_BLANK 0 0 }
0 17 : { NODE_TYPE_HILL 0 0 }
0 18 : { NODE_TYPE_BLANK 0 0 }
0 19 : { NODE_TYPE_BLANK 0 0 }
0 20 : { NODE_TYPE_BLANK 0 0 }
0 21 : { NODE_TYPE_FORT 0 46 }
0 22 : { NODE_TYPE_BLANK 0 0 }
0 23 : { NODE_TYPE_BLANK 0 0 }
0 24 : { NODE_TYPE_BLANK 0 0 }
0 25 : { NODE_TYPE_FORT 0 47 }
0 26 : { NODE_TYPE_HILL 0 0 }
0 27 : { NODE_TYPE_BLANK 0 0 }
0 28 : { NODE_TYPE_BLANK 0 0 }
0 29 : { NODE_TYPE_BLANK 0 0 }
0 30 : { NODE_TYPE_HILL 0 0 }
0 31 : { NODE_TYPE_BLANK 0 0 }
0 32 : { NODE_TYPE_FORT 0 44 }
0 33 : { NODE_TYPE_BLANK 0 0 }
0 34 : { NODE_TYPE_BLANK 0 0 }
0 35 : { NODE_TYPE_BLANK 0 0 }
0 36 : { NODE_TYPE_BLANK 0 0 }
0 37 : { NODE_TYPE_FORT 0 46 }
0 38 : { NODE_TYPE_BLANK 0 0 }
0 39 : { NODE_TYPE_BLANK 0 0 }
1 0 : { NODE_TYPE_BLANK 0 0 }
1 1 : { NODE_TYPE_BLANK 0 0 }
1 2 : { NODE_TYPE_FORT 0 49 }
1 3 : { NODE_TYPE_BLANK 0 0 }
1 4 : { NODE_TYPE_BLANK 0 0 }
1 5 : { NODE_TYPE_FORT 0 44 }
1 6 : { NODE_TYPE_BLANK 0 0 }
1 7 : { NODE_TYPE_BLANK 0 0 }
1 8 : { NODE_TYPE_BLANK 0 0 }
1 9 : { NODE_TYPE_BLANK 0 0 }
1 10 : { NODE_TYPE_HILL 0 0 }
1 11 : { NODE_TYPE_BLANK 0 0 }
1 12 : { NODE_TYPE_BLANK 0 0 }
1 13 : { NODE_TYPE_BLANK 0 0 }
1 14 : { NODE_TYPE_HILL 0 0 }
1 15 : { NODE_TYPE_BLANK 0 0 }
1 16 : { NODE_TYPE_BLANK 0 0 }
1 17 : { NODE_TYPE_BLANK 0 0 }
1 18 : { NODE_TYPE_BLANK 0 0 }
1 19 : { NODE_TYPE_HILL 0 0 }
1 20 : { NODE_TYPE_BLANK 0 0 }
1 21 : { NODE_TYPE_BLANK 0 0 }
1 22 : { NODE_TYPE_BLANK 0 0 }
1 23 : { NODE_TYPE_BLANK 0 0 }
1 24 : { NODE_TYPE_BLANK 0 0 }
1 25 : { NODE_TYPE_BLANK 0 0 }
1 26 : { NODE_TYPE_BLANK 0 0 }
1 27 : { NODE_TYPE_HILL 0 0 }
1 28 : { NODE_TYPE_BLANK 0 0 }
1 29 : { NODE_TYPE_BLANK 0 0 }
1 30 : { NODE_TYPE_HILL 0 0 }
1 31 : { NODE_TYPE_BLANK 0 0 }
1 32 : { NODE_TYPE_BLANK 0 0 }
1 33 : { NODE_TYPE_BLANK 0 0 }
1 34 : { NODE_TYPE_BLANK 0 0 }
1 35 : { NODE_TYPE_BLANK 0 0 }
1 36 : { NODE_TYPE_HILL 0 0 }
1 37 : { NODE_TYPE_HILL 0 0 }
1 38 : { NODE_TYPE_BLANK 0 0 }
1 39 : { NODE_TYPE_BLANK 0 0 }
2 0 : { NODE_TYPE_BLANK 0 0 }
2 1 : { NODE_TYPE_FORT 0 47 }
2 2 : { NODE_TYPE_BLANK 0 0 }
2 3 : { NODE_TYPE_BLANK 0 0 }
2 4 : { NODE_TYPE_BLANK 0 0 }
2 5 : { NODE_TYPE_BLANK 0 0 }
2 6 : { NODE_TYPE_BLANK 0 0 }
2 7 : { NODE_TYPE_HILL 0 0 }
2 8 : { NODE_TYPE_BLANK 0 0 }
2 9 : { NODE_TYPE_BLANK 0 0 }
2 10 : { NODE_TYPE_BLANK 0 0 }
2 11 : { NODE_TYPE_BLANK 0 0 }
2 12 : { NODE_TYPE_BLANK 0 0 }
2 13 : { NODE_TYPE_HILL 0 0 }
2 14 : { NODE_TYPE_BLANK 0 0 }
2 15 : { NODE_TYPE_HILL 0 0 }
2 16 : { NODE_TYPE_BLANK 0 0 }
2 17 : { NODE_TYPE_HILL 0 0 }
2 18 : { NODE_TYPE_BLANK 0 0 }
2 19 : { NODE_TYPE_FORT 0 46 }
2 20 : { NODE_TYPE_HILL 0 0 }
2 21 : { NODE_TYPE_BLANK 0 0 }
2 22 : { NODE_TYPE_HILL 0 0 }
2 23 : { NODE_TYPE_BLANK 0 0 }
2 24 : { NODE_TYPE_HILL 0 0 }
2 25 : { NODE_TYPE_BLANK 0 0 }
2 26 : { NODE_TYPE_BLANK 0 0 }
2 27 : { NODE_TYPE_HILL 0 0 }
2 28 : { NODE_TYPE_BLANK 0 0 }
2 29 : { NODE_TYPE_BLANK 0 0 }
2 30 : { NODE_TYPE_BLANK 0 0 }
2 31 : { NODE_TYPE_BLANK 0 0 }
2 32 : { NODE_TYPE_BLANK 0 0 }
2 33 : { NODE_TYPE_HILL 0 0 }
2 34 : { NODE_TYPE_BLANK 0 0 }
2 35 : { NODE_TYPE_BLANK 0 0 }
2 36 : { NODE_TYPE_BLANK 0 0 }
2 37 : { NODE_TYPE_HILL 0 0 }
2 38 : { NODE_TYPE_BLANK 0 0 }
2 39 : { NODE_TYPE_BLANK 0 0 }
3 0 : { NODE_TYPE_BLANK 0 0 }
3 1 : { NODE_TYPE_BLANK 0 0 }
3 2 : { NODE_TYPE_HILL 0 0 }
3 3 : { NODE_TYPE_BLANK 0 0 }
3 4 : { NODE_TYPE_BLANK 0 0 }
3 5 : { NODE_TYPE_FORT 0 42 }
3 6 : { NODE_TYPE_BLANK 0 0 }
3 7 : { NODE_TYPE_BLANK 0 0 }
3 8 : { NODE_TYPE_BLANK 0 0 }
3 9 : { NODE_TYPE_BLANK 0 0 }
3 10 : { NODE_TYPE_BLANK 0 0 }
3 11 : { NODE_TYPE_KING 8 0 }
3 12 : { NODE_TYPE_HILL 0 0 }
3 13 : { NODE_TYPE_HILL 0 0 }
3 14 : { NODE_TYPE_BLANK 0 0 }
3 15 : { NODE_TYPE_BLANK 0 0 }
3 16 : { NODE_TYPE_BLANK 0 0 }
3 17 : { NODE_TYPE_BLANK 0 0 }
3 18 : { NODE_TYPE_BLANK 0 0 }
3 19 : { NODE_TYPE_BLANK 0 0 }
3 20 : { NODE_TYPE_BLANK 0 0 }
3 21 : { NODE_TYPE_BLANK 0 0 }
3 22 : { NODE_TYPE_BLANK 0 0 }
3 23 : { NODE_TYPE_BLANK 0 0 }
3 24 : { NODE_TYPE_BLANK 0 0 }
3 25 : { NODE_TYPE_HILL 0 0 }
3 26 : { NODE_TYPE_HILL 0 0 }
3 27 : { NODE_TYPE_BLANK 0 0 }
3 28 : { NODE_TYPE_BLANK 0 0 }
3 29 : { NODE_TYPE_BLANK 0 0 }
3 30 : { NODE_TYPE_FORT 0 42 }
3 31 : { NODE_TYPE_HILL 0 0 }
3 32 : { NODE_TYPE_BLANK 0 0 }
3 33 : { NODE_TYPE_BLANK 0 0 }
3 34 : { NODE_TYPE_BLANK 0 0 }
3 35 : { NODE_TYPE_BLANK 0 0 }
3 36 : { NODE_TYPE_BLANK 0 0 }
3 37 : { NODE_TYPE_HILL 0 0 }
3 38 : { NODE_TYPE_BLANK 0 0 }
3 39 : { NODE_TYPE_HILL 0 0 }
4 0 : { NODE_TYPE_BLANK 0 0 }
4 1 : { NODE_TYPE_HILL 0 0 }
4 2 : { NODE_TYPE_BLANK 0 0 }
4 3 : { NODE_TYPE_HILL 0 0 }
4 4 : { NODE_TYPE_BLANK 0 0 }
4 5 : { NODE_TYPE_BLANK 0 0 }
4 6 : { NODE_TYPE_BLANK 0 0 }
4 7 : { NODE_TYPE_BLANK 0 0 }
4 8 : { NODE_TYPE_FORT 0 45 }
4 9 : { NODE_TYPE_BLANK 0 0 }
4 10 : { NODE_TYPE_BLANK 0 0 }
4 11 : { NODE_TYPE_BLANK 0 0 }
4 12 : { NODE_TYPE_BLANK 0 0 }
4 13 : { NODE_TYPE_BLANK 0 0 }
4 14 : { NODE_TYPE_BLANK 0 0 }
4 15 : { NODE_TYPE_BLANK 0 0 }
4 16 : { NODE_TYPE_BLANK 0 0 }
4 17 : { NODE_TYPE_BLANK 0 0 }
4 18 : { NODE_TYPE_BLANK 0 0 }
4 19 : { NODE_TYPE_FORT 0 40 }
4 20 : { NODE_TYPE_BLANK 0 0 }
4 21 : { NODE_TYPE_HILL 0 0 }
4 22 : { NODE_TYPE_BLANK 0 0 }
4 23 : { NODE_TYPE_BLANK 0 0 }
4 24 : { NODE_TYPE_BLANK 0 0 }
4 25 : { NODE_TYPE_HILL 0 0 }
4 26 : { NODE_TYPE_BLANK 0 0 }
4 27 : { NODE_TYPE_HILL 0 0 }
4 28 : { NODE_TYPE_BLANK 0 0 }
4 29 : { NODE_TYPE_BLANK 0 0 }
4 30 : { NODE_TYPE_HILL 0 0 }
4 31 : { NODE_TYPE_BLANK 0 0 }
4 32 : { NODE_TYPE_HILL 0 0 }
4 33 : { NODE_TYPE_BLANK 0 0 }
4 34 : { NODE_TYPE_FORT 0 41 }
4 35 : { NODE_TYPE_BLANK 0 0 }
4 36 : { NODE_TYPE_BLANK 0 0 }
4 37 : { NODE_TYPE_BLANK 0 0 }
4 38 : { NODE_TYPE_BLANK 0 0 }
4 39 : { NODE_TYPE_BLANK 0 0 }
5 0 : { NODE_TYPE_BLANK 0 0 }
5 1 : { NODE_TYPE_BLANK 0 0 }
5 2 : { NODE_TYPE_HILL 0 0 }
5 3 : { NODE_TYPE_BLANK 0 0 }
5 4 : { NODE_TYPE_BLANK 0 0 }
5 5 : { NODE_TYPE_HILL 0 0 }
5 6 : { NODE_TYPE_HILL 0 0 }
5 7 : { NODE_TYPE_HILL 0 0 }
5 8 : { NODE_TYPE_BLANK 0 0 }
5 9 : { NODE_TYPE_FORT 0 40 }
5 10 : { NODE_TYPE_HILL 0 0 }
5 11 : { NODE_TYPE_BLANK 0 0 }
5 12 : { NODE_TYPE_BLANK 0 0 }
5 13 : { NODE_TYPE_FORT 0 40 }
5 14 : { NODE_TYPE_BLANK 0 0 }
5 15 : { NODE_TYPE_HILL 0 0 }
5 16 : { NODE_TYPE_BLANK 0 0 }
5 17 : { NODE_TYPE_BLANK 0 0 }
5 18 : { NODE_TYPE_BLANK 0 0 }
5 19 : { NODE_TYPE_BLANK 0 0 }
5 20 : { NODE_TYPE_BLANK 0 0 }
5 21 : { NODE_TYPE_BLANK 0 0 }
5 22 : { NODE_TYPE_BLANK 0 0 }
5 23 : { NODE_TYPE_BLANK 0 0 }
5 24 : { NODE_TYPE_BLANK 0 0 }
5 25 : { NODE_TYPE_BLANK 0 0 }
5 26 : { NODE_TYPE_FORT 0 41 }
5 27 : { NODE_TYPE_HILL 0 0 }
5 28 : { NODE_TYPE_BLANK 0 0 }
5 29 : { NODE_TYPE_BLANK 0 0 }
5 30 : { NODE_TYPE_FORT 0 42 }
5 31 : { NODE_TYPE_BLANK 0 0 }
5 32 : { NODE_TYPE_BLANK 0 0 }
5 33 : { NODE_TYPE_HILL 0 0 }
5 34 : { NODE_TYPE_BLANK 0 0 }
5 35 : { NODE_TYPE_HILL 0 0 }
5 36 : { NODE_TYPE_HILL 0 0 }
5 37 : { NODE_TYPE_BLANK 0 0 }
5 38 : { NODE_TYPE_BLANK 0 0 }
5 39 : { NODE_TYPE_FORT 0 41 }
6 0 : { NODE_TYPE_BLANK 0 0 }
6 1 : { NODE_TYPE_BLANK 0 0 }
6 2 : { NODE_TYPE_BLANK 0 0 }
6 3 : { NODE_TYPE_BLANK 0 0 }
6 4 : { NODE_TYPE_BLANK 0 0 }
6 5 : { NODE_TYPE_BLANK 0 0 }
6 6 : { NODE_TYPE_HILL 0 0 }
6 7 : { NODE_TYPE_BLANK 0 0 }
6 8 : { NODE_TYPE_BLANK 0 0 }
6 9 : { NODE_TYPE_BLANK 0 0 }
6 10 : { NODE_TYPE_HILL 0 0 }
6 11 : { NODE_TYPE_BLANK 0 0 }
6 12 : { NODE_TYPE_BLANK 0 0 }
6 13 : { NODE_TYPE_FORT 0 41 }
6 14 : { NODE_TYPE_BLANK 0 0 }
6 15 : { NODE_TYPE_BLANK 0 0 }
6 16 : { NODE_TYPE_BLANK 0 0 }
6 17 : { NODE_TYPE_BLANK 0 0 }
6 18 : { NODE_TYPE_BLANK 0 0 }
6 19 : { NODE_TYPE_BLANK 0 0 }
6 20 : { NODE_TYPE_FORT 0 46 }
6 21 : { NODE_TYPE_KING 5 0 }
6 22 : { NODE_TYPE_FORT 0 44 }
6 23 : { NODE_TYPE_HILL 0 0 }
6 24 : { NODE_TYPE_BLANK 0 0 }
6 25 : { NODE_TYPE_BLANK 0 0 }
6 26 : { NODE_TYPE_BLANK 0 0 }
6 27 : { NODE_TYPE_HILL 0 0 }
6 28 : { NODE_TYPE_HILL 0 0 }
6 29 : { NODE_TYPE_BLANK 0 0 }
6 30 : { NODE_TYPE_FORT 0 40 }
6 31 : { NODE_TYPE_HILL 0 0 }
6 32 : { NODE_TYPE_BLANK 0 0 }
6 33 : { NODE_TYPE_BLANK 0 0 }
6 34 : { NODE_TYPE_BLANK 0 0 }
6 35 : { NODE_TYPE_HILL 0 0 }
6 36 : { NODE_TYPE_BLANK 0 0 }
6 37 : { NODE_TYPE_BLANK 0 0 }
6 38 : { NODE_TYPE_BLANK 0 0 }
6 39 : { NODE_TYPE_FORT 0 46 }
7 0 : { NODE_TYPE_BLANK 0 0 }
7 1 : { NODE_TYPE_BLANK 0 0 }
7 2 : { NODE_TYPE_HILL 0 0 }
7 3 : { NODE_TYPE_BLANK 0 0 }
7 4 : { NODE_TYPE_HILL 0 0 }
7 5 : { NODE_TYPE_HILL 0 0 }
7 6 : { NODE_TYPE_BLANK 0 0 }
7 7 : { NODE_TYPE_FORT 0 41 }
7 8 : { NODE_TYPE_HILL 0 0 }
7 9 : { NODE_TYPE_BLANK 0 0 }
7 10 : { NODE_TYPE_BLANK 0 0 }
7 11 : { NODE_TYPE_FORT 0 50 }
7 12 : { NODE_TYPE_BLANK 0 0 }
7 13 : { NODE_TYPE_BLANK 0 0 }
7 14 : { NODE_TYPE_BLANK 0 0 }
7 15 : { NODE_TYPE_HILL 0 0 }
7 16 : { NODE_TYPE_BLANK 0 0 }
7 17 : { NODE_TYPE_BLANK 0 0 }
7 18 : { NODE_TYPE_BLANK 0 0 }
7 19 : { NODE_TYPE_BLANK 0 0 }
7 20 : { NODE_TYPE_BLANK 0 0 }
7 21 : { NODE_TYPE_BLANK 0 0 }
7 22 : { NODE_TYPE_FORT 0 49 }
7 23 : { NODE_TYPE_BLANK 0 0 }
7 24 : { NODE_TYPE_BLANK 0 0 }
7 25 : { NODE_TYPE_BLANK 0 0 }
7 26 : { NODE_TYPE_HILL 0 0 }
7 27 : { NODE_TYPE_BLANK 0 0 }
7 28 : { NODE_TYPE_BLANK 0 0 }
7 29 : { NODE_TYPE_HILL 0 0 }
7 30 : { NODE_TYPE_BLANK 0 0 }
7 31 : { NODE_TYPE_BLANK 0 0 }
7 32 : { NODE_TYPE_BLANK 0 0 }
7 33 : { NODE_TYPE_BLANK 0 0 }
7 34 : { NODE_TYPE_BLANK 0 0 }
7 35 : { NODE_TYPE_HILL 0 0 }
7 36 : { NODE_TYPE_FORT 0 41 }
7 37 : { NODE_TYPE_HILL 0 0 }
7 38 : { NODE_TYPE_BLANK 0 0 }
7 39 : { NODE_TYPE_BLANK 0 0 }
8 0 : { NODE_TYPE_HILL 0 0 }
8 1 : { NODE_TYPE_HILL 0 0 }
8 2 : { NODE_TYPE_BLANK 0 0 }
8 3 : { NODE_TYPE_BLANK 0 0 }
8 4 : { NODE_TYPE_BLANK 0 0 }
8 5 : { NODE_TYPE_BLANK 0 0 }
8 6 : { NODE_TYPE_BLANK 0 0 }
8 7 : { NODE_TYPE_HILL 0 0 }
8 8 : { NODE_TYPE_HILL 0 0 }
8 9 : { NODE_TYPE_FORT 0 46 }
8 10 : { NODE_TYPE_BLANK 0 0 }
8 11 : { NODE_TYPE_HILL 0 0 }
8 12 : { NODE_TYPE_BLANK 0 0 }
8 13 : { NODE_TYPE_BLANK 0 0 }
8 14 : { NODE_TYPE_HILL 0 0 }
8 15 : { NODE_TYPE_BLANK 0 0 }
8 16 : { NODE_TYPE_BLANK 0 0 }
8 17 : { NODE_TYPE_BLANK 0 0 }
8 18 : { NODE_TYPE_HILL 0 0 }
8 19 : { NODE_TYPE_HILL 0 0 }
8 20 : { NODE_TYPE_HILL 0 0 }
8 21 : { NODE_TYPE_BLANK 0 0 }
8 22 : { NODE_TYPE_BLANK 0 0 }
8 23 : { NODE_TYPE_FORT 0 49 }
8 24 : { NODE_TYPE_BLANK 0 0 }
8 25 : { NODE_TYPE_BLANK 0 0 }
8 26 : { NODE_TYPE_BLANK 0 0 }
8 27 : { NODE_TYPE_HILL 0 0 }
8 28 : { NODE_TYPE_BLANK 0 0 }
8 29 : { NODE_TYPE_BLANK 0 0 }
8 30 : { NODE_TYPE_BLANK 0 0 }
8 31 : { NODE_TYPE_BLANK 0 0 }
8 32 : { NODE_TYPE_BLANK 0 0 }
8 33 : { NODE_TYPE_BLANK 0 0 }
8 34 : { NODE_TYPE_BLANK 0 0 }
8 35 : { NODE_TYPE_FORT 0 47 }
8 36 : { NODE_TYPE_BLANK 0 0 }
8 37 : { NODE_TYPE_BLANK 0 0 }
8 38 : { NODE_TYPE_BLANK 0 0 }
8 39 : { NODE_TYPE_FORT 0 50 }
9 0 : { NODE_TYPE_BLANK 0 0 }
9 1 : { NODE_TYPE_FORT 0 43 }
9 2 : { NODE_TYPE_BLANK 0 0 }
9 3 : { NODE_TYPE_HILL 0 0 }
9 4 : { NODE_TYPE_HILL 0 0 }
9 5 : { NODE_TYPE_BLANK 0 0 }
9 6 : { NODE_TYPE_BLANK 0 0 }
9 7 : { NODE_TYPE_BLANK 0 0 }
9 8 : { NODE_TYPE_BLANK 0 0 }
9 9 : { NODE_TYPE_FORT 0 42 }
9 10 : { NODE_TYPE_BLANK 0 0 }
9 11 : { NODE_TYPE_FORT 0 45 }
9 12 : { NODE_TYPE_HILL 0 0 }
9 13 : { NODE_TYPE_BLANK 0 0 }
9 14 : { NODE_TYPE_HILL 0 0 }
9 15 : { NODE_TYPE_HILL 0 0 }
9 16 : { NODE_TYPE_FORT 0 50 }
9 17 : { NODE_TYPE_BLANK 0 0 }
9 18 : { NODE_TYPE_BLANK 0 0 }
9 19 : { NODE_TYPE_BLANK 0 0 }
9 20 : { NODE_TYPE_BLANK 0 0 }
9 21 : { NODE_TYPE_BLANK 0 0 }
9 22 : { NODE_TYPE_BLANK 0 0 }
9 23 : { NODE_TYPE_BLANK 0 0 }
9 24 : { NODE_TYPE_HILL 0 0 }
9 25 : { NODE_TYPE_BLANK 0 0 }
9 26 : { NODE_TYPE_BLANK 0 0 }
9 27 : { NODE_TYPE_BLANK 0 0 }
9 28 : { NODE_TYPE_BLANK 0 0 }
9 29 : { NODE_TYPE_FORT 0 48 }
9 30 : { NODE_TYPE_BLANK 0 0 }
9 31 : { NODE_TYPE_BLANK 0 0 }
9 32 : { NODE_TYPE_BLANK 0 0 }
9 33 : { NODE_TYPE_FORT 0 47 }
9 34 : { NODE_TYPE_BLANK 0 0 }
9 35 : { NODE_TYPE_FORT 0 50 }
9 36 : { NODE_TYPE_BLANK 0 0 }
9 37 : { NODE_TYPE_BLANK 0 0 }
9 38 : { NODE_TYPE_BLANK 0 0 }
9 39 : { NODE_TYPE_BLANK 0 0 }
10 0 : { NODE_TYPE_BLANK 0 0 }
10 1 : { NODE_TYPE_BLANK 0 0 }
10 2 : { NODE_TYPE_BLANK 0 0 }
10 3 : { NODE_TYPE_BLANK 0 0 }
10 4 : { NODE_TYPE_BLANK 0 0 }
10 5 : { NODE_TYPE_HILL 0 0 }
10 6 : { NODE_TYPE_BLANK 0 0 }
10 7 : { NODE_TYPE_BLANK 0 0 }
10 8 : { NODE_TYPE_BLANK 0 0 }
10 9 : { NODE_TYPE_BLANK 0 0 }
10 10 : { NODE_TYPE_HILL 0 0 }
10 11 : { NODE_TYPE_BLANK 0 0 }
10 12 : { NODE_TYPE_BLANK 0 0 }
10 13 : { NODE_TYPE_FORT 0 42 }
10 14 : { NODE_TYPE_BLANK 0 0 }
10 15 : { NODE_TYPE_HILL 0 0 }
10 16 : { NODE_TYPE_BLANK 0 0 }
10 17 : { NODE_TYPE_BLANK 0 0 }
10 18 : { NODE_TYPE_HILL 0 0 }
10 19 : { NODE_TYPE_BLANK 0 0 }
10 20 : { NODE_TYPE_BLANK 0 0 }
10 21 : { NODE_TYPE_FORT 0 40 }
10 22 : { NODE_TYPE_HILL 0 0 }
10 23 : { NODE_TYPE_BLANK 0 0 }
10 24 : { NODE_TYPE_FORT 0 43 }
10 25 : { NODE_TYPE_BLANK 0 0 }
10 26 : { NODE_TYPE_BLANK 0 0 }
10 27 : { NODE_TYPE_FORT 0 48 }
10 28 : { NODE_TYPE_BLANK 0 0 }
10 29 : { NODE_TYPE_BLANK 0 0 }
10 30 : { NODE_TYPE_FORT 0 46 }
10 31 : { NODE_TYPE_HILL 0 0 }
10 32 : { NODE_TYPE_HILL 0 0 }
10 33 : { NODE_TYPE_HILL 0 0 }
10 34 : { NODE_TYPE_BLANK 0 0 }
10 35 : { NODE_TYPE_BLANK 0 0 }
10 36 : { NODE_TYPE_BLANK 0 0 }
10 37 : { NODE_TYPE_FORT 0 44 }
10 38 : { NODE_TYPE_BLANK 0 0 }
10 39 : { NODE_TYPE_BLANK 0 0 }
11 0 : { NODE_TYPE_BLANK 0 0 }
11 1 : { NODE_TYPE_KING 1 0 }
11 2 : { NODE_TYPE_HILL 0 0 }
11 3 : { NODE_TYPE_BLANK 0 0 }
11 4 : { NODE_TYPE_BLANK 0 0 }
11 5 : { NODE_TYPE_BLANK 0 0 }
11 6 : { NODE_TYPE_BLANK 0 0 }
11 7 : { NODE_TYPE_BLANK 0 0 }
11 8 : { NODE_TYPE_BLANK 0 0 }
11 9 : { NODE_TYPE_BLANK 0 0 }
11 10 : { NODE_TYPE_BLANK 0 0 }
11 11 : { NODE_TYPE_HILL 0 0 }
11 12 : { NODE_TYPE_HILL 0 0 }
11 13 : { NODE_TYPE_BLANK 0 0 }
11 14 : { NODE_TYPE_BLANK 0 0 }
11 15 : { NODE_TYPE_FORT 0 46 }
11 16 : { NODE_TYPE_BLANK 0 0 }
11 17 : { NODE_TYPE_HILL 0 0 }
11 18 : { NODE_TYPE_HILL 0 0 }
11 19 : { NODE_TYPE_BLANK 0 0 }
11 20 : { NODE_TYPE_BLANK 0 0 }
11 21 : { NODE_TYPE_HILL 0 0 }
11 22 : { NODE_TYPE_BLANK 0 0 }
11 23 : { NODE_TYPE_FORT 0 50 }
11 24 : { NODE_TYPE_BLANK 0 0 }
11 25 : { NODE_TYPE_BLANK 0 0 }
11 26 : { NODE_TYPE_BLANK 0 0 }
11 27 : { NODE_TYPE_BLANK 0 0 }
11 28 : { NODE_TYPE_HILL 0 0 }
11 29 : { NODE_TYPE_BLANK 0 0 }
11 30 : { NODE_TYPE_HILL 0 0 }
11 31 : { NODE_TYPE_BLANK 0 0 }
11 32 : { NODE_TYPE_HILL 0 0 }
11 33 : { NODE_TYPE_BLANK 0 0 }
11 34 : { NODE_TYPE_BLANK 0 0 }
11 35 : { NODE_TYPE_BLANK 0 0 }
11 36 : { NODE_TYPE_BLANK 0 0 }
11 37 : { NODE_TYPE_BLANK 0 0 }
11 38 : { NODE_TYPE_BLANK 0 0 }
11 39 : { NODE_TYPE_BLANK 0 0 }
12 0 : { NODE_TYPE_BLANK 0 0 }
12 1 : { NODE_TYPE_BLANK 0 0 }
12 2 : { NODE_TYPE_BLANK 0 0 }
12 3 : { NODE_TYPE_BLANK 0 0 }
12 4 : { NODE_TYPE_BLANK 0 0 }
12 5 : { NODE_TYPE_BLANK 0 0 }
12 6 : { NODE_TYPE_BLANK 0 0 }
12 7 : { NODE_TYPE_BLANK 0 0 }
12 8 : { NODE_TYPE_BLANK 0 0 }
12 9 : { NODE_TYPE_BLANK 0 0 }
12 10 : { NODE_TYPE_BLANK 0 0 }
12 11 : { NODE_TYPE_BLANK 0 0 }
12 12 : { NODE_TYPE_HILL 0 0 }
12 13 : { NODE_TYPE_BLANK 0 0 }
12 14 : { NODE_TYPE_BLANK 0 0 }
12 15 : { NODE_TYPE_FORT 0 47 }
12 16 : { NODE_TYPE_BLANK 0 0 }
12 17 : { NODE_TYPE_BLANK 0 0 }
12 18 : { NODE_TYPE_BLANK 0 0 }
12 19 : { NODE_TYPE_BLANK 0 0 }
12 20 : { NODE_TYPE_BLANK 0 0 }
12 21 : { NODE_TYPE_BLANK 0 0 }
12 22 : { NODE_TYPE_BLANK 0 0 }
12 23 : { NODE_TYPE_BLANK 0 0 }
12 24 : { NODE_TYPE_BLANK 0 0 }
12 25 : { NODE_TYPE_HILL 0 0 }
12 26 : { NODE_TYPE_BLANK 0 0 }
12 27 : { NODE_TYPE_BLANK 0 0 }
12 28 : { NODE_TYPE_HILL 0 0 }
12 29 : { NODE_TYPE_BLANK 0 0 }
12 30 : { NODE_TYPE_BLANK 0 0 }
12 31 : { NODE_TYPE_BLANK 0 0 }
12 32 : { NODE_TYPE_BLANK 0 0 }
12 33 : { NODE_TYPE_HILL 0 0 }
12 34 : { NODE_TYPE_BLANK 0 0 }
12 35 : { NODE_TYPE_BLANK 0 0 }
12 36 : { NODE_TYPE_BLANK 0 0 }
12 37 : { NODE_TYPE_BLANK 0 0 }
12 38 : { NODE_TYPE_BLANK 0 0 }
12 39 : { NODE_TYPE_BLANK 0 0 }
13 0 : { NODE_TYPE_BLANK 0 0 }
13 1 : { NODE_TYPE_BLANK 0 0 }
13 2 : { NODE_TYPE_BLANK 0 0 }
13 3 : { NODE_TYPE_FORT 0 40 }
13 4 : { NODE_TYPE_BLANK 0 0 }
13 5 : { NODE_TYPE_BLANK 0 0 }
13 6 : { NODE_TYPE_BLANK 0 0 }
13 7 : { NODE_TYPE_BLANK 0 0 }
13 8 : { NODE_TYPE_BLANK 0 0 }
13 9 : { NODE_TYPE_BLANK 0 0 }
13 10 : { NODE_TYPE_BLANK 0 0 }
13 11 : { NODE_TYPE_BLANK 0 0 }
13 12 : { NODE_TYPE_BLANK 0 0 }
13 13 : { NODE_TYPE_BLANK 0 0 }
13 14 : { NODE_TYPE_BLANK 0 0 }
13 15 : { NODE_TYPE_BLANK 0 0 }
13 16 : { NODE_TYPE_BLANK 0 0 }
13 17 : { NODE_TYPE_BLANK 0 0 }
13 18 : { NODE_TYPE_BLANK 0 0 }
13 19 : { NODE_TYPE_BLANK 0 0 }
13 20 : { NODE_TYPE_BLANK 0 0 }
13 21 : { NODE_TYPE_BLANK 0 0 }
13 22 : { NODE_TYPE_BLANK 0 0 }
13 23 : { NODE_TYPE_BLANK 0 0 }
13 24 : { NODE_TYPE_BLANK 0 0 }
13 25 : { NODE_TYPE_HILL 0 0 }
13 26 : { NODE_TYPE_BLANK 0 0 }
13 27 : { NODE_TYPE_BLANK 0 0 }
13 28 : { NODE_TYPE_BLANK 0 0 }
13 29 : { NODE_TYPE_HILL 0 0 }
13 30 : { NODE_TYPE_BLANK 0 0 }
13 31 : { NODE_TYPE_BLANK 0 0 }
13 32 : { NODE_TYPE_BLANK 0 0 }
13 33 : { NODE_TYPE_BLANK 0 0 }
13 34 : { NODE_TYPE_BLANK 0 0 }
13 35 : { NODE_TYPE_BLANK 0 0 }
13 36 : { NODE_TYPE_BLANK 0 0 }
13 37 : { NODE_TYPE_BLANK 0 0 }
13 38 : { NODE_TYPE_HILL 0 0 }
13 39 : { NODE_TYPE_BLANK 0 0 }
14 0 : { NODE_TYPE_BLANK 0 0 }
14 1 : { NODE_TYPE_BLANK 0 0 }
14 2 : { NODE_TYPE_BLANK 0 0 }
14 3 : { NODE_TYPE_BLANK 0 0 }
14 4 : { NODE_TYPE_BLANK 0 0 }
14 5 : { NODE_TYPE_HILL 0 0 }
14 6 : { NODE_TYPE_HILL 0 0 }
14 7 : { NODE_TYPE_BLANK 0 0 }
14 8 : { NODE_TYPE_HILL 0 0 }
14 9 : { NODE_TYPE_BLANK 0 0 }
14 10 : { NODE_TYPE_BLANK 0 0 }
14 11 : { NODE_TYPE_HILL 0 0 }
14 12 : { NODE_TYPE_HILL 0 0 }
14 13 : { NODE_TYPE_HILL 0 0 }
14 14 : { NODE_TYPE_BLANK 0 0 }
14 15 : { NODE_TYPE_BLANK 0 0 }
14 16 : { NODE_TYPE_FORT 0 47 }
14 17 : { NODE_TYPE_HILL 0 0 }
14 18 : { NODE_TYPE_BLANK 0 0 }
14 19 : { NODE_TYPE_BLANK 0 0 }
14 20 : { NODE_TYPE_BLANK 0 0 }
14 21 : { NODE_TYPE_BLANK 0 0 }
14 22 : { NODE_TYPE_BLANK 0 0 }
14 23 : { NODE_TYPE_HILL 0 0 }
14 24 : { NODE_TYPE_BLANK 0 0 }
14 25 : { NODE_TYPE_BLANK 0 0 }
14 26 : { NODE_TYPE_BLANK 0 0 }
14 27 : { NODE_TYPE_BLANK 0 0 }
14 28 : { NODE_TYPE_BLANK 0 0 }
14 29 : { NODE_TYPE_BLANK 0 0 }
14 30 : { NODE_TYPE_HILL 0 0 }
14 31 : { NODE_TYPE_FORT 0 42 }
14 32 : { NODE_TYPE_HILL 0 0 }
14 33 : { NODE_TYPE_FORT 0 48 }
14 34 : { NODE_TYPE_BLANK 0 0 }
14 35 : { NODE_TYPE_BLANK 0 0 }
14 36 : { NODE_TYPE_HILL 0 0 }
14 37 : { NODE_TYPE_BLANK 0 0 }
14 38 : { NODE_TYPE_BLANK 0 0 }
14 39 : { NODE_TYPE_HILL 0 0 }
15 0 : { NODE_TYPE_KING 7 0 }
15 1 : { NODE_TYPE_BLANK 0 0 }
15 2 : { NODE_TYPE_FORT 0 49 }
15 3 : { NODE_TYPE_BLANK 0 0 }
15 4 : { NODE_TYPE_BLANK 0 0 }
15 5 : { NODE_TYPE_HILL 0 0 }
15 6 : { NODE_TYPE_BLANK 0 0 }
15 7 : { NODE_TYPE_BLANK 0 0 }
15 8 : { NODE_TYPE_BLANK 0 0 }
15 9 : { NODE_TYPE_BLANK 0 0 }
15 10 : { NODE_TYPE_HILL 0 0 }
15 11 : { NODE_TYPE_HILL 0 0 }
15 12 : { NODE_TYPE_FORT 0 49 }
15 13 : { NODE_TYPE_BLANK 0 0 }
15 14 : { NODE_TYPE_HILL 0 0 }
15 15 : { NODE_TYPE_HILL 0 0 }
15 16 : { NODE_TYPE_FORT 0 45 }
15 17 : { NODE_TYPE_BLANK 0 0 }
15 18 : { NODE_TYPE_BLANK 0 0 }
15 19 : { NODE_TYPE_BLANK 0 0 }
15 20 : { NODE_TYPE_BLANK 0 0 }
15 21 : { NODE_TYPE_BLANK 0 0 }
15 22 : { NODE_TYPE_FORT 0 44 }
15 23 : { NODE_TYPE_BLANK 0 0 }
15 24 : { NODE_TYPE_BLANK 0 0 }
15 25 : { NODE_TYPE_BLANK 0 0 }
15 26 : { NODE_TYPE_BLANK 0 0 }
15 27 : { NODE_TYPE_BLANK 0 0 }
15 28 : { NODE_TYPE_BLANK 0 0 }
15 29 : { NODE_TYPE_HILL 0 0 }
15 30 : { NODE_TYPE_BLANK 0 0 }
15 31 : { NODE_TYPE_BLANK 0 0 }
15 32 : { NODE_TYPE_HILL 0 0 }
15 33 : { NODE_TYPE_FORT 0 44 }
15 34 : { NODE_TYPE_HILL 0 0 }
15 35 : { NODE_TYPE_BLANK 0 0 }
15 36 : { NODE_TYPE_BLANK 0 0 }
15 37 : { NODE_TYPE_BLANK 0 0 }
15 38 : { NODE_TYPE_BLANK 0 0 }
15 39 : { NODE_TYPE_FORT 0 46 }
16 0 : { NODE_TYPE_BLANK 0 0 }
16 1 : { NODE_TYPE_BLANK 0 0 }
16 2 : { NODE_TYPE_BLANK 0 0 }
16 3 : { NODE_TYPE_BLANK 0 0 }
16 4 : { NODE_TYPE_BLANK 0 0 }
16 5 : { NODE_TYPE_BLANK 0 0 }
16 6 : { NODE_TYPE_FORT 0 45 }
16 7 : { NODE_TYPE_HILL 0 0 }
16 8 : { NODE_TYPE_BLANK 0 0 }
16 9 : { NODE_TYPE_FORT 0 40 }
16 10 : { NODE_TYPE_BLANK 0 0 }
16 11 : { NODE_TYPE_HILL 0 0 }
16 12 : { NODE_TYPE_FORT 0 50 }
16 13 : { NODE_TYPE_BLANK 0 0 }
16 14 : { NODE_TYPE_BLANK 0 0 }
16 15 : { NODE_TYPE_BLANK 0 0 }
16 16 : { NODE_TYPE_BLANK 0 0 }
16 17 : { NODE_TYPE_FORT 0 49 }
16 18 : { NODE_TYPE_FORT 0 46 }
16 19 : { NODE_TYPE_BLANK 0 0 }
16 20 : { NODE_TYPE_FORT 0 44 }
16 21 : { NODE_TYPE_HILL 0 0 }
16 22 : { NODE_TYPE_KING 2 0 }
16 23 : { NODE_TYPE_FORT 0 49 }
16 24 : { NODE_TYPE_BLANK 0 0 }
16 25 : { NODE_TYPE_BLANK 0 0 }
16 26 : { NODE_TYPE_BLANK 0 0 }
16 27 : { NODE_TYPE_BLANK 0 0 }
16 28 : { NODE_TYPE_BLANK 0 0 }
16 29 : { NODE_TYPE_BLANK 0 0 }
16 30 : { NODE_TYPE_BLANK 0 0 }
16 31 : { NODE_TYPE_FORT 0 42 }
16 32 : { NODE_TYPE_BLANK 0 0 }
16 33 : { NODE_TYPE_BLANK 0 0 }
16 34 : { NODE_TYPE_BLANK 0 0 }
16 35 : { NODE_TYPE_BLANK 0 0 }
16 36 : { NODE_TYPE_HILL 0 0 }
16 37 : { NODE_TYPE_FORT 0 46 }
16 38 : { NODE_TYPE_HILL 0 0 }
16 39 : { NODE_TYPE_HILL 0 0 }
17 0 : { NODE_TYPE_BLANK 0 0 }
17 1 : { NODE_TYPE_BLANK 0 0 }
17 2 : { NODE_TYPE_BLANK 0 0 }
17 3 : { NODE_TYPE_BLANK 0 0 }
17 4 : { NODE_TYPE_BLANK 0 0 }
17 5 : { NODE_TYPE_BLANK 0 0 }
17 6 : { NODE_TYPE_HILL 0 0 }
17 7 : { NODE_TYPE_HILL 0 0 }
17 8 : { NODE_TYPE_BLANK 0 0 }
17 9 : { NODE_TYPE_BLANK 0 0 }
17 10 : { NODE_TYPE_BLANK 0 0 }
17 11 : { NODE_TYPE_BLANK 0 0 }
17 12 : { NODE_TYPE_BLANK 0 0 }
17 13 : { NODE_TYPE_BLANK 0 0 }
17 14 : { NODE_TYPE_HILL 0 0 }
17 15 : { NODE_TYPE_BLANK 0 0 }
17 16 : { NODE_TYPE_BLANK 0 0 }
17 17 : { NODE_TYPE_HILL 0 0 }
17 18 : { NODE_TYPE_BLANK 0 0 }
17 19 : { NODE_TYPE_BLANK 0 0 }
17 20 : { NODE_TYPE_FORT 0 40 }
17 21 : { NODE_TYPE_HILL 0 0 }
17 22 : { NODE_TYPE_FORT 0 45 }
17 23 : { NODE_TYPE_BLANK 0 0 }
17 24 : { NODE_TYPE_BLANK 0 0 }
17 25 : { NODE_TYPE_FORT 0 48 }
17 26 : { NODE_TYPE_BLANK 0 0 }
17 27 : { NODE_TYPE_BLANK 0 0 }
17 28 : { NODE_TYPE_BLANK 0 0 }
17 29 : { NODE_TYPE_HILL 0 0 }
17 30 : { NODE_TYPE_HILL 0 0 }
17 31 : { NODE_TYPE_BLANK 0 0 }
17 32 : { NODE_TYPE_BLANK 0 0 }
17 33 : { NODE_TYPE_BLANK 0 0 }
17 34 : { NODE_TYPE_BLANK 0 0 }
17 35 : { NODE_TYPE_HILL 0 0 }
17 36 : { NODE_TYPE_HILL 0 0 }
17 37 : { NODE_TYPE_BLANK 0 0 }
17 38 : { NODE_TYPE_BLANK 0 0 }
17 39 : { NODE_TYPE_BLANK 0 0 }
18 0 : { NODE_TYPE_FORT 0 41 }
18 1 : { NODE_TYPE_HILL 0 0 }
18 2 : { NODE_TYPE_BLANK 0 0 }
18 3 : { NODE_TYPE_HILL 0 0 }
18 4 : { NODE_TYPE_HILL 0 0 }
18 5 : { NODE_TYPE_BLANK 0 0 }
18 6 : { NODE_TYPE_BLANK 0 0 }
18 7 : { NODE_TYPE_BLANK 0 0 }
18 8 : { NODE_TYPE_HILL 0 0 }
18 9 : { NODE_TYPE_BLANK 0 0 }
18 10 : { NODE_TYPE_HILL 0 0 }
18 11 : { NODE_TYPE_BLANK 0 0 }
18 12 : { NODE_TYPE_BLANK 0 0 }
18 13 : { NODE_TYPE_KING 3 0 }
18 14 : { NODE_TYPE_BLANK 0 0 }
18 15 : { NODE_TYPE_BLANK 0 0 }
18 16 : { NODE_TYPE_BLANK 0 0 }
18 17 : { NODE_TYPE_BLANK 0 0 }
18 18 : { NODE_TYPE_BLANK 0 0 }
18 19 : { NODE_TYPE_BLANK 0 0 }
18 20 : { NODE_TYPE_BLANK 0 0 }
18 21 : { NODE_TYPE_BLANK 0 0 }
18 22 : { NODE_TYPE_HILL 0 0 }
18 23 : { NODE_TYPE_BLANK 0 0 }
18 24 : { NODE_TYPE_BLANK 0 0 }
18 25 : { NODE_TYPE_BLANK 0 0 }
18 26 : { NODE_TYPE_BLANK 0 0 }
18 27 : { NODE_TYPE_BLANK 0 0 }
18 28 : { NODE_TYPE_HILL 0 0 }
18 29 : { NODE_TYPE_HILL 0 0 }
18 30 : { NODE_TYPE_BLANK 0 0 }
18 31 : { NODE_TYPE_BLANK 0 0 }
18 32 : { NODE_TYPE_HILL 0 0 }
18 33 : { NODE_TYPE_BLANK 0 0 }
18 34 : { NODE_TYPE_BLANK 0 0 }
18 35 : { NODE_TYPE_BLANK 0 0 }
18 36 : { NODE_TYPE_HILL 0 0 }
18 37 : { NODE_TYPE_BLANK 0 0 }
18 38 : { NODE_TYPE_BLANK 0 0 }
18 39 : { NODE_TYPE_BLANK 0 0 }
19 0 : { NODE_TYPE_HILL 0 0 }
19 1 : { NODE_TYPE_BLANK 0 0 }
19 2 : { NODE_TYPE_FORT 0 43 }
19 3 : { NODE_TYPE_HILL 0 0 }
19 4 : { NODE_TYPE_HILL 0 0 }
19 5 : { NODE_TYPE_BLANK 0 0 }
19 6 : { NODE_TYPE_FORT 0 43 }
19 7 : { NODE_TYPE_BLANK 0 0 }
19 8 : { NODE_TYPE_BLANK 0 0 }
19 9 : { NODE_TYPE_BLANK 0 0 }
19 10 : { NODE_TYPE_FORT 0 40 }
19 11 : { NODE_TYPE_FORT 0 40 }
19 12 : { NODE_TYPE_BLANK 0 0 }
19 13 : { NODE_TYPE_HILL 0 0 }
19 14 : { NODE_TYPE_BLANK 0 0 }
19 15 : { NODE_TYPE_HILL 0 0 }
19 16 : { NODE_TYPE_BLANK 0 0 }
19 17 : { NODE_TYPE_FORT 0 42 }
19 18 : { NODE_TYPE_BLANK 0 0 }
19 19 : { NODE_TYPE_BLANK 0 0 }
19 20 : { NODE_TYPE_BLANK 0 0 }
19 21 : { NODE_TYPE_HILL 0 0 }
19 22 : { NODE_TYPE_HILL 0 0 }
19 23 : { NODE_TYPE_BLANK 0 0 }
19 24 : { NODE_TYPE_HILL 0 0 }
19 25 : { NODE_TYPE_BLANK 0 0 }
19 26 : { NODE_TYPE_BLANK 0 0 }
19 27 : { NODE_TYPE_BLANK 0 0 }
19 28 : { NODE_TYPE_BLANK 0 0 }
19 29 : { NODE_TYPE_BLANK 0 0 }
19 30 : { NODE_TYPE_FORT 0 43 }
19 31 : { NODE_TYPE_BLANK 0 0 }
19 32 : { NODE_TYPE_BLANK 0 0 }
19 33 : { NODE_TYPE_BLANK 0 0 }
19 34 : { NODE_TYPE_HILL 0 0 }
19 35 : { NODE_TYPE_BLANK 0 0 }
19 36 : { NODE_TYPE_BLANK 0 0 }
19 37 : { NODE_TYPE_BLANK 0 0 }
19 38 : { NODE_TYPE_BLANK 0 0 }
19 39 : { NODE_TYPE_BLANK 0 0 }
20 0 : { NODE_TYPE_HILL 0 0 }
20 1 : { NODE_TYPE_BLANK 0 0 }
20 2 : { NODE_TYPE_BLANK 0 0 }
20 3 : { NODE_TYPE_BLANK 0 0 }
20 4 : { NODE_TYPE_BLANK 0 0 }
20 5 : { NODE_TYPE_BLANK 0 0 }
20 6 : { NODE_TYPE_HILL 0 0 }
20 7 : { NODE_TYPE_BLANK 0 0 }
20 8 : { NODE_TYPE_FORT 0 44 }
20 9 : { NODE_TYPE_BLANK 0 0 }
20 10 : { NODE_TYPE_BLANK 0 0 }
20 11 : { NODE_TYPE_BLANK 0 0 }
20 12 : { NODE_TYPE_HILL 0 0 }
20 13 : { NODE_TYPE_BLANK 0 0 }
20 14 : { NODE_TYPE_FORT 0 40 }
20 15 : { NODE_TYPE_HILL 0 0 }
20 16 : { NODE_TYPE_BLANK 0 0 }
20 17 : { NODE_TYPE_BLANK 0 0 }
20 18 : { NODE_TYPE_BLANK 0 0 }
20 19 : { NODE_TYPE_BLANK 0 0 }
20 20 : { NODE_TYPE_BLANK 0 0 }
20 21 : { NODE_TYPE_FORT 0 46 }
20 22 : { NODE_TYPE_BLANK 0 0 }
20 23 : { NODE_TYPE_FORT 0 47 }
20 24 : { NODE_TYPE_BLANK 0 0 }
20 25 : { NODE_TYPE_BLANK 0 0 }
20 26 : { NODE_TYPE_FORT 0 46 }
20 27 : { NODE_TYPE_BLANK 0 0 }
20 28 : { NODE_TYPE_BLANK 0 0 }
20 29 : { NODE_TYPE_HILL 0 0 }
20 30 : { NODE_TYPE_HILL 0 0 }
20 31 : { NODE_TYPE_BLANK 0 0 }
20 32 : { NODE_TYPE_BLANK 0 0 }
20 33 : { NODE_TYPE_BLANK 0 0 }
20 34 : { NODE_TYPE_BLANK 0 0 }
20 35 : { NODE_TYPE_HILL 0 0 }
20 36 : { NODE_TYPE_BLANK 0 0 }
20 37 : { NODE_TYPE_BLANK 0 0 }
20 38 : { NODE_TYPE_BLANK 0 0 }
20 39 : { NODE_TYPE_BLANK 0 0 }
21 0 : { NODE_TYPE_BLANK 0 0 }
21 1 : { NODE_TYPE_BLANK 0 0 }
21 2 : { NODE_TYPE_BLANK 0 0 }
21 3 : { NODE_TYPE_BLANK 0 0 }
21 4 : { NODE_TYPE_BLANK 0 0 }
21 5 : { NODE_TYPE_BLANK 0 0 }
21 6 : { NODE_TYPE_BLANK 0 0 }
21 7 : { NODE_TYPE_BLANK 0 0 }
21 8 : { NODE_TYPE_BLANK 0 0 }
21 9 : { NODE_TYPE_BLANK 0 0 }
21 10 : { NODE_TYPE_BLANK 0 0 }
21 11 : { NODE_TYPE_HILL 0 0 }
21 12 : { NODE_TYPE_BLANK 0 0 }
21 13 : { NODE_TYPE_BLANK 0 0 }
21 14 : { NODE_TYPE_BLANK 0 0 }
21 15 : { NODE_TYPE_BLANK 0 0 }
21 16 : { NODE_TYPE_BLANK 0 0 }
21 17 : { NODE_TYPE_BLANK 0 0 }
21 18 : { NODE_TYPE_BLANK 0 0 }
21 19 : { NODE_TYPE_BLANK 0 0 }
21 20 : { NODE_TYPE_HILL 0 0 }
21 21 : { NODE_TYPE_FORT 0 42 }
21 22 : { NODE_TYPE_HILL 0 0 }
21 23 : { NODE_TYPE_BLANK 0 0 }
21 24 : { NODE_TYPE_BLANK 0 0 }
21 25 : { NODE_TYPE_BLANK 0 0 }
21 26 : { NODE_TYPE_BLANK 0 0 }
21 27 : { NODE_TYPE_HILL 0 0 }
21 28 : { NODE_TYPE_FORT 0 42 }
21 29 : { NODE_TYPE_FORT 0 40 }
21 30 : { NODE_TYPE_HILL 0 0 }
21 31 : { NODE_TYPE_HILL 0 0 }
21 32 : { NODE_TYPE_BLANK 0 0 }
21 33 : { NODE_TYPE_HILL 0 0 }
21 34 : { NODE_TYPE_BLANK 0 0 }
21 35 : { NODE_TYPE_HILL 0 0 }
21 36 : { NODE_TYPE_BLANK 0 0 }
21 37 : { NODE_TYPE_HILL 0 0 }
21 38 : { NODE_TYPE_BLANK 0 0 }
21 39 : { NODE_TYPE_BLANK 0 0 }
22 0 : { NODE_TYPE_BLANK 0 0 }
22 1 : { NODE_TYPE_BLANK 0 0 }
22 2 : { NODE_TYPE_BLANK 0 0 }
22 3 : { NODE_TYPE_BLANK 0 0 }
22 4 : { NODE_TYPE_BLANK 0 0 }
22 5 : { NODE_TYPE_FORT 0 45 }
22 6 : { NODE_TYPE_HILL 0 0 }
22 7 : { NODE_TYPE_HILL 0 0 }
22 8 : { NODE_TYPE_BLANK 0 0 }
22 9 : { NODE_TYPE_BLANK 0 0 }
22 10 : { NODE_TYPE_BLANK 0 0 }
22 11 : { NODE_TYPE_BLANK 0 0 }
22 12 : { NODE_TYPE_FORT 0 48 }
22 13 : { NODE_TYPE_BLANK 0 0 }
22 14 : { NODE_TYPE_HILL 0 0 }
22 15 : { NODE_TYPE_BLANK 0 0 }
22 16 : { NODE_TYPE_BLANK 0 0 }
22 17 : { NODE_TYPE_BLANK 0 0 }
22 18 : { NODE_TYPE_BLANK 0 0 }
22 19 : { NODE_TYPE_BLANK 0 0 }
22 20 : { NODE_TYPE_BLANK 0 0 }
22 21 : { NODE_TYPE_FORT 0 50 }
22 22 : { NODE_TYPE_FORT 0 47 }
22 23 : { NODE_TYPE_BLANK 0 0 }
22 24 : { NODE_TYPE_FORT 0 45 }
22 25 : { NODE_TYPE_BLANK 0 0 }
22 26 : { NODE_TYPE_BLANK 0 0 }
22 27 : { NODE_TYPE_BLANK 0 0 }
22 28 : { NODE_TYPE_BLANK 0 0 }
22 29 : { NODE_TYPE_BLANK 0 0 }
22 30 : { NODE_TYPE_BLANK 0 0 }
22 31 : { NODE_TYPE_BLANK 0 0 }
22 32 : { NODE_TYPE_FORT 0 45 }
22 33 : { NODE_TYPE_BLANK 0 0 }
22 34 : { NODE_TYPE_BLANK 0 0 }
22 35 : { NODE_TYPE_BLANK 0 0 }
22 36 : { NODE_TYPE_HILL 0 0 }
22 37 : { NODE_TYPE_BLANK 0 0 }
22 38 : { NODE_TYPE_HILL 0 0 }
22 39 : { NODE_TYPE_HILL 0 0 }
23 0 : { NODE_TYPE_BLANK 0 0 }
23 1 : { NODE_TYPE_BLANK 0 0 }
23 2 : { NODE_TYPE_BLANK 0 0 }
23 3 : { NODE_TYPE_BLANK 0 0 }
23 4 : { NODE_TYPE_BLANK 0 0 }
23 5 : { NODE_TYPE_BLANK 0 0 }
23 6 : { NODE_TYPE_BLANK 0 0 }
23 7 : { NODE_TYPE_BLANK 0 0 }
23 8 : { NODE_TYPE_BLANK 0 0 }
23 9 : { NODE_TYPE_BLANK 0 0 }
23 10 : { NODE_TYPE_BLANK 0 0 }
23 11 : { NODE_TYPE_FORT 0 44 }
23 12 : { NODE_TYPE_BLANK 0 0 }
23 13 : { NODE_TYPE_BLANK 0 0 }
23 14 : { NODE_TYPE_BLANK 0 0 }
23 15 : { NODE_TYPE_BLANK 0 0 }
23 16 : { NODE_TYPE_FORT 0 41 }
23 17 : { NODE_TYPE_BLANK 0 0 }
23 18 : { NODE_TYPE_BLANK 0 0 }
23 19 : { NODE_TYPE_FORT 0 46 }
23 20 : { NODE_TYPE_HILL 0 0 }
23 21 : { NODE_TYPE_HILL 0 0 }
23 22 : { NODE_TYPE_HILL 0 0 }
23 23 : { NODE_TYPE_BLANK 0 0 }
23 24 : { NODE_TYPE_FORT 0 50 }
23 25 : { NODE_TYPE_BLANK 0 0 }
23 26 : { NODE_TYPE_BLANK 0 0 }
23 27 : { NODE_TYPE_FORT 0 41 }
23 28 : { NODE_TYPE_HILL 0 0 }
23 29 : { NODE_TYPE_HILL 0 0 }
23 30 : { NODE_TYPE_BLANK 0 0 }
23 31 : { NODE_TYPE_BLANK 0 0 }
23 32 : { NODE_TYPE_BLANK 0 0 }
23 33 : { NODE_TYPE_HILL 0 0 }
23 34 : { NODE_TYPE_BLANK 0 0 }
23 35 : { NODE_TYPE_BLANK 0 0 }
23 36 : { NODE_TYPE_BLANK 0 0 }
23 37 : { NODE_TYPE_BLANK 0 0 }
23 38 : { NODE_TYPE_BLANK 0 0 }
23 39 : { NODE_TYPE_HILL 0 0 }
24 0 : { NODE_TYPE_HILL 0 0 }
24 1 : { NODE_TYPE_HILL 0 0 }
24 2 : { NODE_TYPE_BLANK 0 0 }
24 3 : { NODE_TYPE_BLANK 0 0 }
24 4 : { NODE_TYPE_HILL 0 0 }
24 5 : { NODE_TYPE_BLANK 0 0 }
24 6 : { NODE_TYPE_HILL 0 0 }
24 7 : { NODE_TYPE_BLANK 0 0 }
24 8 : { NODE_TYPE_BLANK 0 0 }
24 9 : { NODE_TYPE_HILL 0 0 }
24 10 : { NODE_TYPE_HILL 0 0 }
24 11 : { NODE_TYPE_FORT 0 48 }
24 12 : { NODE_TYPE_BLANK 0 0 }
24 13 : { NODE_TYPE_BLANK 0 0 }
24 14 : { NODE_TYPE_BLANK 0 0 }
24 15 : { NODE_TYPE_BLANK 0 0 }
24 16 : { NODE_TYPE_BLANK 0 0 }
24 17 : { NODE_TYPE_BLANK 0 0 }
24 18 : { NODE_TYPE_BLANK 0 0 }
24 19 : { NODE_TYPE_FORT 0 42 }
24 20 : { NODE_TYPE_HILL 0 0 }
24 21 : { NODE_TYPE_HILL 0 0 }
24 22 : { NODE_TYPE_BLANK 0 0 }
24 23 : { NODE_TYPE_BLANK 0 0 }
24 24 : { NODE_TYPE_BLANK 0 0 }
24 25 : { NODE_TYPE_BLANK 0 0 }
24 26 : { NODE_TYPE_BLANK 0 0 }
24 27 : { NODE_TYPE_BLANK 0 0 }
24 28 : { NODE_TYPE_BLANK 0 0 }
24 29 : { NODE_TYPE_FORT 0 43 }
24 30 : { NODE_TYPE_BLANK 0 0 }
24 31 : { NODE_TYPE_BLANK 0 0 }
24 32 : { NODE_TYPE_BLANK 0 0 }
24 33 : { NODE_TYPE_BLANK 0 0 }
24 34 : { NODE_TYPE_BLANK 0 0 }
24 35 : { NODE_TYPE_BLANK 0 0 }
24 36 : { NODE_TYPE_BLANK 0 0 }
24 37 : { NODE_TYPE_BLANK 0 0 }
24 38 : { NODE_TYPE_BLANK 0 0 }
24 39 : { NODE_TYPE_BLANK 0 0 }
25 0 : { NODE_TYPE_BLANK 0 0 }
25 1 : { NODE_TYPE_BLANK 0 0 }
25 2 : { NODE_TYPE_BLANK 0 0 }
25 3 : { NODE_TYPE_BLANK 0 0 }
25 4 : { NODE_TYPE_BLANK 0 0 }
25 5 : { NODE_TYPE_BLANK 0 0 }
25 6 : { NODE_TYPE_HILL 0 0 }
25 7 : { NODE_TYPE_BLANK 0 0 }
25 8 : { NODE_TYPE_BLANK 0 0 }
25 9 : { NODE_TYPE_BLANK 0 0 }
25 10 : { NODE_TYPE_BLANK 0 0 }
25 11 : { NODE_TYPE_BLANK 0 0 }
25 12 : { NODE_TYPE_BLANK 0 0 }
25 13 : { NODE_TYPE_HILL 0 0 }
25 14 : { NODE_TYPE_HILL 0 0 }
25 15 : { NODE_TYPE_HILL 0 0 }
25 16 : { NODE_TYPE_HILL 0 0 }
25 17 : { NODE_TYPE_BLANK 0 0 }
25 18 : { NODE_TYPE_BLANK 0 0 }
25 19 : { NODE_TYPE_BLANK 0 0 }
25 20 : { NODE_TYPE_BLANK 0 0 }
25 21 : { NODE_TYPE_FORT 0 40 }
25 22 : { NODE_TYPE_FORT 0 43 }
25 23 : { NODE_TYPE_BLANK 0 0 }
25 24 : { NODE_TYPE_HILL 0 0 }
25 25 : { NODE_TYPE_FORT 0 48 }
25 26 : { NODE_TYPE_BLANK 0 0 }
25 27 : { NODE_TYPE_HILL 0 0 }
25 28 : { NODE_TYPE_BLANK 0 0 }
25 29 : { NODE_TYPE_BLANK 0 0 }
25 30 : { NODE_TYPE_BLANK 0 0 }
25 31 : { NODE_TYPE_HILL 0 0 }
25 32 : { NODE_TYPE_BLANK 0 0 }
25 33 : { NODE_TYPE_BLANK 0 0 }
25 34 : { NODE_TYPE_BLANK 0 0 }
25 35 : { NODE_TYPE_HILL 0 0 }
25 36 : { NODE_TYPE_BLANK 0 0 }
25 37 : { NODE_TYPE_BLANK 0 0 }
25 38 : { NODE_TYPE_BLANK 0 0 }
25 39 : { NODE_TYPE_BLANK 0 0 }
26 0 : { NODE_TYPE_FORT 0 43 }
26 1 : { NODE_TYPE_BLANK 0 0 }
26 2 : { NODE_TYPE_BLANK 0 0 }
26 3 : { NODE_TYPE_BLANK 0 0 }
26 4 : { NODE_TYPE_BLANK 0 0 }
26 5 : { NODE_TYPE_BLANK 0 0 }
26 6 : { NODE_TYPE_HILL 0 0 }
26 7 : { NODE_TYPE_BLANK 0 0 }
26 8 : { NODE_TYPE_BLANK 0 0 }
26 9 : { NODE_TYPE_BLANK 0 0 }
26 10 : { NODE_TYPE_BLANK 0 0 }
26 11 : { NODE_TYPE_BLANK 0 0 }
26 12 : { NODE_TYPE_BLANK 0 0 }
26 13 : { NODE_TYPE_BLANK 0 0 }
26 14 : { NODE_TYPE_BLANK 0 0 }
26 15 : { NODE_TYPE_BLANK 0 0 }
26 16 : { NODE_TYPE_BLANK 0 0 }
26 17 : { NODE_TYPE_BLANK 0 0 }
26 18 : { NODE_TYPE_HILL 0 0 }
26 19 : { NODE_TYPE_BLANK 0 0 }
26 20 : { NODE_TYPE_BLANK 0 0 }
26 21 : { NODE_TYPE_BLANK 0 0 }
26 22 : { NODE_TYPE_BLANK 0 0 }
26 23 : { NODE_TYPE_BLANK 0 0 }
26 24 : { NODE_TYPE_HILL 0 0 }
26 25 : { NODE_TYPE_BLANK 0 0 }
26 26 : { NODE_TYPE_HILL 0 0 }
26 27 : { NODE_TYPE_BLANK 0 0 }
26 28 : { NODE_TYPE_BLANK 0 0 }
26 29 : { NODE_TYPE_BLANK 0 0 }
26 30 : { NODE_TYPE_BLANK 0 0 }
26 31 : { NODE_TYPE_HILL 0 0 }
26 32 : { NODE_TYPE_BLANK 0 0 }
26 33 : { NODE_TYPE_BLANK 0 0 }
26 34 : { NODE_TYPE_HILL 0 0 }
26 35 : { NODE_TYPE_BLANK 0 0 }
26 36 : { NODE_TYPE_BLANK 0 0 }
26 37 : { NODE_TYPE_BLANK 0 0 }
26 38 : { NODE_TYPE_BLANK 0 0 }
26 39 : { NODE_TYPE_FORT 0 41 }
27 0 : { NODE_TYPE_BLANK 0 0 }
27 1 : { NODE_TYPE_HILL 0 0 }
27 2 : { NODE_TYPE_BLANK 0 0 }
27 3 : { NODE_TYPE_HILL 0 0 }
27 4 : { NODE_TYPE_BLANK 0 0 }
27 5 : { NODE_TYPE_BLANK 0 0 }
27 6 : { NODE_TYPE_BLANK 0 0 }
27 7 : { NODE_TYPE_FORT 0 40 }
27 8 : { NODE_TYPE_HILL 0 0 }
27 9 : { NODE_TYPE_HILL 0 0 }
27 10 : { NODE_TYPE_BLANK 0 0 }
27 11 : { NODE_TYPE_BLANK 0 0 }
27 12 : { NODE_TYPE_BLANK 0 0 }
27 13 : { NODE_TYPE_BLANK 0 0 }
27 14 : { NODE_TYPE_BLANK 0 0 }
27 15 : { NODE_TYPE_FORT 0 41 }
27 16 : { NODE_TYPE_BLANK 0 0 }
27 17 : { NODE_TYPE_HILL 0 0 }
27 18 : { NODE_TYPE_HILL 0 0 }
27 19 : { NODE_TYPE_BLANK 0 0 }
27 20 : { NODE_TYPE_BLANK 0 0 }
27 21 : { NODE_TYPE_BLANK 0 0 }
27 22 : { NODE_TYPE_HILL 0 0 }
27 23 : { NODE_TYPE_HILL 0 0 }
27 24 : { NODE_TYPE_BLANK 0 0 }
27 25 : { NODE_TYPE_HILL 0 0 }
27 26 : { NODE_TYPE_BLANK 0 0 }
27 27 : { NODE_TYPE_HILL 0 0 }
27 28 : { NODE_TYPE_BLANK 0 0 }
27 29 : { NODE_TYPE_BLANK 0 0 }
27 30 : { NODE_TYPE_FORT 0 44 }
27 31 : { NODE_TYPE_BLANK 0 0 }
27 32 : { NODE_TYPE_FORT 0 43 }
27 33 : { NODE_TYPE_HILL 0 0 }
27 34 : { NODE_TYPE_BLANK 0 0 }
27 35 : { NODE_TYPE_HILL 0 0 }
27 36 : { NODE_TYPE_HILL 0 0 }
27 37 : { NODE_TYPE_BLANK 0 0 }
27 38 : { NODE_TYPE_HILL 0 0 }
27 39 : { NODE_TYPE_BLANK 0 0 }
28 0 : { NODE_TYPE_FORT 0 50 }
28 1 : { NODE_TYPE_BLANK 0 0 }
28 2 : { NODE_TYPE_FORT 0 40 }
28 3 : { NODE_TYPE_BLANK 0 0 }
28 4 : { NODE_TYPE_BLANK 0 0 }
28 5 : { NODE_TYPE_FORT 0 44 }
28 6 : { NODE_TYPE_BLANK 0 0 }
28 7 : { NODE_TYPE_BLANK 0 0 }
28 8 : { NODE_TYPE_BLANK 0 0 }
28 9 : { NODE_TYPE_HILL 0 0 }
28 10 : { NODE_TYPE_BLANK 0 0 }
28 11 : { NODE_TYPE_FORT 0 46 }
28 12 : { NODE_TYPE_BLANK 0 0 }
28 13 : { NODE_TYPE_HILL 0 0 }
28 14 : { NODE_TYPE_BLANK 0 0 }
28 15 : { NODE_TYPE_BLANK 0 0 }
28 16 : { NODE_TYPE_BLANK 0 0 }
28 17 : { NODE_TYPE_BLANK 0 0 }
28 18 : { NODE_TYPE_BLANK 0 0 }
28 19 : { NODE_TYPE_BLANK 0 0 }
28 20 : { NODE_TYPE_HILL 0 0 }
28 21 : { NODE_TYPE_HILL 0 0 }
28 22 : { NODE_TYPE_BLANK 0 0 }
28 23 : { NODE_TYPE_HILL 0 0 }
28 24 : { NODE_TYPE_HILL 0 0 }
28 25 : { NODE_TYPE_HILL 0 0 }
28 26 : { NODE_TYPE_BLANK 0 0 }
28 27 : { NODE_TYPE_BLANK 0 0 }
28 28 : { NODE_TYPE_FORT 0 50 }
28 29 : { NODE_TYPE_BLANK 0 0 }
28 30 : { NODE_TYPE_BLANK 0 0 }
28 31 : { NODE_TYPE_BLANK 0 0 }
28 32 : { NODE_TYPE_HILL 0 0 }
28 33 : { NODE_TYPE_BLANK 0 0 }
28 34 : { NODE_TYPE_BLANK 0 0 }
28 35 : { NODE_TYPE_BLANK 0 0 }
28 36 : { NODE_TYPE_FORT 0 48 }
28 37 : { NODE_TYPE_BLANK 0 0 }
28 38 : { NODE_TYPE_BLANK 0 0 }
28 39 : { NODE_TYPE_HILL 0 0 }
29 0 : { NODE_TYPE_BLANK 0 0 }
29 1 : { NODE_TYPE_HILL 0 0 }
29 2 : { NODE_TYPE_BLANK 0 0 }
29 3 : { NODE_TYPE_HILL 0 0 }
29 4 : { NODE_TYPE_BLANK 0 0 }
29 5 : { NODE_TYPE_HILL 0 0 }
29 6 : { NODE_TYPE_HILL 0 0 }
29 7 : { NODE_TYPE_BLANK 0 0 }
29 8 : { NODE_TYPE_BLANK 0 0 }
29 9 : { NODE_TYPE_FORT 0 40 }
29 10 : { NODE_TYPE_BLANK 0 0 }
29 11 : { NODE_TYPE_HILL 0 0 }
29 12 : { NODE_TYPE_BLANK 0 0 }
29 13 : { NODE_TYPE_BLANK 0 0 }
29 14 : { NODE_TYPE_BLANK 0 0 }
29 15 : { NODE_TYPE_BLANK 0 0 }
29 16 : { NODE_TYPE_BLANK 0 0 }
29 17 : { NODE_TYPE_BLANK 0 0 }
29 18 : { NODE_TYPE_HILL 0 0 }
29 19 : { NODE_TYPE_BLANK 0 0 }
29 20 : { NODE_TYPE_FORT 0 40 }
29 21 : { NODE_TYPE_HILL 0 0 }
29 22 : { NODE_TYPE_BLANK 0 0 }
29 23 : { NODE_TYPE_BLANK 0 0 }
29 24 : { NODE_TYPE_BLANK 0 0 }
29 25 : { NODE_TYPE_FORT 0 49 }
29 26 : { NODE_TYPE_BLANK 0 0 }
29 27 : { NODE_TYPE_BLANK 0 0 }
29 28 : { NODE_TYPE_BLANK 0 0 }
29 29 : { NODE_TYPE_BLANK 0 0 }
29 30 : { NODE_TYPE_BLANK 0 0 }
29 31 : { NODE_TYPE_HILL 0 0 }
29 32 : { NODE_TYPE_HILL 0 0 }
29 33 : { NODE_TYPE_BLANK 0 0 }
29 34 : { NODE_TYPE_BLANK 0 0 }
29 35 : { NODE_TYPE_HILL 0 0 }
29 36 : { NODE_TYPE_HILL 0 0 }
29 37 : { NODE_TYPE_BLANK 0 0 }
29 38 : { NODE_TYPE_BLANK 0 0 }
29 39 : { NODE_TYPE_BLANK 0 0 }
30 0 : { NODE_TYPE_HILL 0 0 }
30 1 : { NODE_TYPE_HILL 0 0 }
30 2 : { NODE_TYPE_HILL 0 0 }
30 3 : { NODE_TYPE_BLANK 0 0 }
30 4 : { NODE_TYPE_BLANK 0 0 }
30 5 : { NODE_TYPE_FORT 0 49 }
30 6 : { NODE_TYPE_BLANK 0 0 }
30 7 : { NODE_TYPE_BLANK 0 0 }
30 8 : { NODE_TYPE_BLANK 0 0 }
30 9 : { NODE_TYPE_HILL 0 0 }
30 10 : { NODE_TYPE_BLANK 0 0 }
30 11 : { NODE_TYPE_BLANK 0 0 }
30 12 : { NODE_TYPE_HILL 0 0 }
30 13 : { NODE_TYPE_BLANK 0 0 }
30 14 : { NODE_TYPE_FORT 0 40 }
30 15 : { NODE_TYPE_HILL 0 0 }
30 16 : { NODE_TYPE_BLANK 0 0 }
30 17 : { NODE_TYPE_BLANK 0 0 }
30 18 : { NODE_TYPE_BLANK 0 0 }
30 19 : { NODE_TYPE_BLANK 0 0 }
30 20 : { NODE_TYPE_BLANK 0 0 }
30 21 : { NODE_TYPE_HILL 0 0 }
30 22 : { NODE_TYPE_BLANK 0 0 }
30 23 : { NODE_TYPE_HILL 0 0 }
30 24 : { NODE_TYPE_HILL 0 0 }
30 25 : { NODE_TYPE_BLANK 0 0 }
30 26 : { NODE_TYPE_HILL 0 0 }
30 27 : { NODE_TYPE_BLANK 0 0 }
30 28 : { NODE_TYPE_BLANK 0 0 }
30 29 : { NODE_TYPE_BLANK 0 0 }
30 30 : { NODE_TYPE_BLANK 0 0 }
30 31 : { NODE_TYPE_BLANK 0 0 }
30 32 : { NODE_TYPE_HILL 0 0 }
30 33 : { NODE_TYPE_BLANK 0 0 }
30 34 : { NODE_TYPE_BLANK 0 0 }
30 35 : { NODE_TYPE_BLANK 0 0 }
30 36 : { NODE_TYPE_BLANK 0 0 }
30 37 : { NODE_TYPE_FORT 0 47 }
30 38 : { NODE_TYPE_HILL 0 0 }
30 39 : { NODE_TYPE_BLANK 0 0 }
31 0 : { NODE_TYPE_HILL 0 0 }
31 1 : { NODE_TYPE_BLANK 0 0 }
31 2 : { NODE_TYPE_BLANK 0 0 }
31 3 : { NODE_TYPE_FORT 0 48 }
31 4 : { NODE_TYPE_BLANK 0 0 }
31 5 : { NODE_TYPE_BLANK 0 0 }
31 6 : { NODE_TYPE_BLANK 0 0 }
31 7 : { NODE_TYPE_BLANK 0 0 }
31 8 : { NODE_TYPE_HILL 0 0 }
31 9 : { NODE_TYPE_BLANK 0 0 }
31 10 : { NODE_TYPE_BLANK 0 0 }
31 11 : { NODE_TYPE_HILL 0 0 }
31 12 : { NODE_TYPE_HILL 0 0 }
31 13 : { NODE_TYPE_BLANK 0 0 }
31 14 : { NODE_TYPE_HILL 0 0 }
31 15 : { NODE_TYPE_BLANK 0 0 }
31 16 : { NODE_TYPE_HILL 0 0 }
31 17 : { NODE_TYPE_BLANK 0 0 }
31 18 : { NODE_TYPE_FORT 0 46 }
31 19 : { NODE_TYPE_BLANK 0 0 }
31 20 : { NODE_TYPE_HILL 0 0 }
31 21 : { NODE_TYPE_BLANK 0 0 }
31 22 : { NODE_TYPE_BLANK 0 0 }
31 23 : { NODE_TYPE_BLANK 0 0 }
31 24 : { NODE_TYPE_BLANK 0 0 }
31 25 : { NODE_TYPE_FORT 0 46 }
31 26 : { NODE_TYPE_BLANK 0 0 }
31 27 : { NODE_TYPE_FORT 0 42 }
31 28 : { NODE_TYPE_BLANK 0 0 }
31 29 : { NODE_TYPE_HILL 0 0 }
31 30 : { NODE_TYPE_HILL 0 0 }
31 31 : { NODE_TYPE_HILL 0 0 }
31 32 : { NODE_TYPE_HILL 0 0 }
31 33 : { NODE_TYPE_BLANK 0 0 }
31 34 : { NODE_TYPE_HILL 0 0 }
31 35 : { NODE_TYPE_BLANK 0 0 }
31 36 : { NODE_TYPE_BLANK 0 0 }
31 37 : { NODE_TYPE_BLANK 0 0 }
31 38 : { NODE_TYPE_BLANK 0 0 }
31 39 : { NODE_TYPE_FORT 0 42 }
32 0 : { NODE_TYPE_BLANK 0 0 }
32 1 : { NODE_TYPE_BLANK 0 0 }
32 2 : { NODE_TYPE_FORT 0 40 }
32 3 : { NODE_TYPE_BLANK 0 0 }
32 4 : { NODE_TYPE_BLANK 0 0 }
32 5 : { NODE_TYPE_HILL 0 0 }
32 6 : { NODE_TYPE_BLANK 0 0 }
32 7 : { NODE_TYPE_BLANK 0 0 }
32 8 : { NODE_TYPE_HILL 0 0 }
32 9 : { NODE_TYPE_HILL 0 0 }
32 10 : { NODE_TYPE_HILL 0 0 }
32 11 : { NODE_TYPE_BLANK 0 0 }
32 12 : { NODE_TYPE_HILL 0 0 }
32 13 : { NODE_TYPE_BLANK 0 0 }
32 14 : { NODE_TYPE_HILL 0 0 }
32 15 : { NODE_TYPE_BLANK 0 0 }
32 16 : { NODE_TYPE_BLANK 0 0 }
32 17 : { NODE_TYPE_BLANK 0 0 }
32 18 : { NODE_TYPE_BLANK 0 0 }
32 19 : { NODE_TYPE_HILL 0 0 }
32 20 : { NODE_TYPE_BLANK 0 0 }
32 21 : { NODE_TYPE_HILL 0 0 }
32 22 : { NODE_TYPE_BLANK 0 0 }
32 23 : { NODE_TYPE_BLANK 0 0 }
32 24 : { NODE_TYPE_BLANK 0 0 }
32 25 : { NODE_TYPE_BLANK 0 0 }
32 26 : { NODE_TYPE_BLANK 0 0 }
32 27 : { NODE_TYPE_BLANK 0 0 }
32 28 : { NODE_TYPE_BLANK 0 0 }
32 29 : { NODE_TYPE_BLANK 0 0 }
32 30 : { NODE_TYPE_BLANK 0 0 }
32 31 : { NODE_TYPE_BLANK 0 0 }
32 32 : { NODE_TYPE_BLANK 0 0 }
32 33 : { NODE_TYPE_BLANK 0 0 }
32 34 : { NODE_TYPE_HILL 0 0 }
32 35 : { NODE_TYPE_BLANK 0 0 }
32 36 : { NODE_TYPE_BLANK 0 0 }
32 37 : { NODE_TYPE_BLANK 0 0 }
32 38 : { NODE_TYPE_BLANK 0 0 }
32 39 : { NODE_TYPE_BLANK 0 0 }
33 0 : { NODE_TYPE_BLANK 0 0 }
33 1 : { NODE_TYPE_HILL 0 0 }
33 2 : { NODE_TYPE_BLANK 0 0 }
33 3 : { NODE_TYPE_BLANK 0 0 }
33 4 : { NODE_TYPE_BLANK 0 0 }
33 5 : { NODE_TYPE_BLANK 0 0 }
33 6 : { NODE_TYPE_BLANK 0 0 }
33 7 : { NODE_TYPE_BLANK 0 0 }
33 8 : { NODE_TYPE_FORT 0 46 }
33 9 : { NODE_TYPE_BLANK 0 0 }
33 10 : { NODE_TYPE_BLANK 0 0 }
33 11 : { NODE_TYPE_HILL 0 0 }
33 12 : { NODE_TYPE_HILL 0 0 }
33 13 : { NODE_TYPE_HILL 0 0 }
33 14 : { NODE_TYPE_BLANK 0 0 }
33 15 : { NODE_TYPE_FORT 0 47 }
33 16 : { NODE_TYPE_BLANK 0 0 }
33 17 : { NODE_TYPE_BLANK 0 0 }
33 18 : { NODE_TYPE_BLANK 0 0 }
33 19 : { NODE_TYPE_BLANK 0 0 }
33 20 : { NODE_TYPE_BLANK 0 0 }
33 21 : { NODE_TYPE_BLANK 0 0 }
33 22 : { NODE_TYPE_BLANK 0 0 }
33 23 : { NODE_TYPE_FORT 0 48 }
33 24 : { NODE_TYPE_BLANK 0 0 }
33 25 : { NODE_TYPE_BLANK 0 0 }
33 26 : { NODE_TYPE_HILL 0 0 }
33 27 : { NODE_TYPE_BLANK 0 0 }
33 28 : { NODE_TYPE_BLANK 0 0 }
33 29 : { NODE_TYPE_FORT 0 50 }
33 30 : { NODE_TYPE_BLANK 0 0 }
33 31 : { NODE_TYPE_HILL 0 0 }
33 32 : { NODE_TYPE_BLANK 0 0 }
33 33 : { NODE_TYPE_HILL 0 0 }
33 34 : { NODE_TYPE_BLANK 0 0 }
33 35 : { NODE_TYPE_BLANK 0 0 }
33 36 : { NODE_TYPE_BLANK 0 0 }
33 37 : { NODE_TYPE_BLANK 0 0 }
33 38 : { NODE_TYPE_BLANK 0 0 }
33 39 : { NODE_TYPE_BLANK 0 0 }
34 0 : { NODE_TYPE_BLANK 0 0 }
34 1 : { NODE_TYPE_HILL 0 0 }
34 2 : { NODE_TYPE_BLANK 0 0 }
34 3 : { NODE_TYPE_BLANK 0 0 }
34 4 : { NODE_TYPE_HILL 0 0 }
34 5 : { NODE_TYPE_BLANK 0 0 }
34 6 : { NODE_TYPE_FORT 0 43 }
34 7 : { NODE_TYPE_BLANK 0 0 }
34 8 : { NODE_TYPE_BLANK 0 0 }
34 9 : { NODE_TYPE_BLANK 0 0 }
34 10 : { NODE_TYPE_BLANK 0 0 }
34 11 : { NODE_TYPE_HILL 0 0 }
34 12 : { NODE_TYPE_FORT 0 40 }
34 13 : { NODE_TYPE_BLANK 0 0 }
34 14 : { NODE_TYPE_BLANK 0 0 }
34 15 : { NODE_TYPE_BLANK 0 0 }
34 16 : { NODE_TYPE_HILL 0 0 }
34 17 : { NODE_TYPE_FORT 0 41 }
34 18 : { NODE_TYPE_BLANK 0 0 }
34 19 : { NODE_TYPE_BLANK 0 0 }
34 20 : { NODE_TYPE_FORT 0 43 }
34 21 : { NODE_TYPE_HILL 0 0 }
34 22 : { NODE_TYPE_HILL 0 0 }
34 23 : { NODE_TYPE_HILL 0 0 }
34 24 : { NODE_TYPE_BLANK 0 0 }
34 25 : { NODE_TYPE_BLANK 0 0 }
34 26 : { NODE_TYPE_HILL 0 0 }
34 27 : { NODE_TYPE_BLANK 0 0 }
34 28 : { NODE_TYPE_BLANK 0 0 }
34 29 : { NODE_TYPE_HILL 0 0 }
34 30 : { NODE_TYPE_BLANK 0 0 }
34 31 : { NODE_TYPE_BLANK 0 0 }
34 32 : { NODE_TYPE_BLANK 0 0 }
34 33 : { NODE_TYPE_BLANK 0 0 }
34 34 : { NODE_TYPE_BLANK 0 0 }
34 35 : { NODE_TYPE_BLANK 0 0 }
34 36 : { NODE_TYPE_BLANK 0 0 }
34 37 : { NODE_TYPE_BLANK 0 0 }
34 38 : { NODE_TYPE_HILL 0 0 }
34 39 : { NODE_TYPE_BLANK 0 0 }
35 0 : { NODE_TYPE_HILL 0 0 }
35 1 : { NODE_TYPE_BLANK 0 0 }
35 2 : { NODE_TYPE_BLANK 0 0 }
35 3 : { NODE_TYPE_BLANK 0 0 }
35 4 : { NODE_TYPE_FORT 0 50 }
35 5 : { NODE_TYPE_BLANK 0 0 }
35 6 : { NODE_TYPE_BLANK 0 0 }
35 7 : { NODE_TYPE_BLANK 0 0 }
35 8 : { NODE_TYPE_BLANK 0 0 }
35 9 : { NODE_TYPE_BLANK 0 0 }
35 10 : { NODE_TYPE_HILL 0 0 }
35 11 : { NODE_TYPE_HILL 0 0 }
35 12 : { NODE_TYPE_BLANK 0 0 }
35 13 : { NODE_TYPE_BLANK 0 0 }
35 14 : { NODE_TYPE_HILL 0 0 }
35 15 : { NODE_TYPE_BLANK 0 0 }
35 16 : { NODE_TYPE_FORT 0 46 }
35 17 : { NODE_TYPE_FORT 0 45 }
35 18 : { NODE_TYPE_BLANK 0 0 }
35 19 : { NODE_TYPE_BLANK 0 0 }
35 20 : { NODE_TYPE_HILL 0 0 }
35 21 : { NODE_TYPE_BLANK 0 0 }
35 22 : { NODE_TYPE_BLANK 0 0 }
35 23 : { NODE_TYPE_BLANK 0 0 }
35 24 : { NODE_TYPE_BLANK 0 0 }
35 25 : { NODE_TYPE_BLANK 0 0 }
35 26 : { NODE_TYPE_BLANK 0 0 }
35 27 : { NODE_TYPE_BLANK 0 0 }
35 28 : { NODE_TYPE_FORT 0 47 }
35 29 : { NODE_TYPE_HILL 0 0 }
35 30 : { NODE_TYPE_HILL 0 0 }
35 31 : { NODE_TYPE_HILL 0 0 }
35 32 : { NODE_TYPE_HILL 0 0 }
35 33 : { NODE_TYPE_FORT 0 41 }
35 34 : { NODE_TYPE_BLANK 0 0 }
35 35 : { NODE_TYPE_BLANK 0 0 }
35 36 : { NODE_TYPE_BLANK 0 0 }
35 37 : { NODE_TYPE_HILL 0 0 }
35 38 : { NODE_TYPE_BLANK 0 0 }
35 39 : { NODE_TYPE_BLANK 0 0 }
36 0 : { NODE_TYPE_BLANK 0 0 }
36 1 : { NODE_TYPE_HILL 0 0 }
36 2 : { NODE_TYPE_BLANK 0 0 }
36 3 : { NODE_TYPE_BLANK 0 0 }
36 4 : { NODE_TYPE_HILL 0 0 }
36 5 : { NODE_TYPE_BLANK 0 0 }
36 6 : { NODE_TYPE_BLANK 0 0 }
36 7 : { NODE_TYPE_FORT 0 46 }
36 8 : { NODE_TYPE_BLANK 0 0 }
36 9 : { NODE_TYPE_HILL 0 0 }
36 10 : { NODE_TYPE_HILL 0 0 }
36 11 : { NODE_TYPE_BLANK 0 0 }
36 12 : { NODE_TYPE_FORT 0 45 }
36 13 : { NODE_TYPE_HILL 0 0 }
36 14 : { NODE_TYPE_BLANK 0 0 }
36 15 : { NODE_TYPE_BLANK 0 0 }
36 16 : { NODE_TYPE_BLANK 0 0 }
36 17 : { NODE_TYPE_BLANK 0 0 }
36 18 : { NODE_TYPE_BLANK 0 0 }
36 19 : { NODE_TYPE_BLANK 0 0 }
36 20 : { NODE_TYPE_FORT 0 48 }
36 21 : { NODE_TYPE_HILL 0 0 }
36 22 : { NODE_TYPE_BLANK 0 0 }
36 23 : { NODE_TYPE_BLANK 0 0 }
36 24 : { NODE_TYPE_HILL 0 0 }
36 25 : { NODE_TYPE_HILL 0 0 }
36 26 : { NODE_TYPE_BLANK 0 0 }
36 27 : { NODE_TYPE_BLANK 0 0 }
36 28 : { NODE_TYPE_FORT 0 46 }
36 29 : { NODE_TYPE_BLANK 0 0 }
36 30 : { NODE_TYPE_BLANK 0 0 }
36 31 : { NODE_TYPE_BLANK 0 0 }
36 32 : { NODE_TYPE_BLANK 0 0 }
36 33 : { NODE_TYPE_BLANK 0 0 }
36 34 : { NODE_TYPE_BLANK 0 0 }
36 35 : { NODE_TYPE_BLANK 0 0 }
36 36 : { NODE_TYPE_BLANK 0 0 }
36 37 : { NODE_TYPE_BLANK 0 0 }
36 38 : { NODE_TYPE_BLANK 0 0 }
36 39 : { NODE_TYPE_BLANK 0 0 }
37 0 : { NODE_TYPE_BLANK 0 0 }
37 1 : { NODE_TYPE_HILL 0 0 }
37 2 : { NODE_TYPE_FORT 0 48 }
37 3 : { NODE_TYPE_HILL 0 0 }
37 4 : { NODE_TYPE_BLANK 0 0 }
37 5 : { NODE_TYPE_BLANK 0 0 }
37 6 : { NODE_TYPE_BLANK 0 0 }
37 7 : { NODE_TYPE_BLANK 0 0 }
37 8 : { NODE_TYPE_BLANK 0 0 }
37 9 : { NODE_TYPE_BLANK 0 0 }
37 10 : { NODE_TYPE_BLANK 0 0 }
37 11 : { NODE_TYPE_HILL 0 0 }
37 12 : { NODE_TYPE_BLANK 0 0 }
37 13 : { NODE_TYPE_FORT 0 46 }
37 14 : { NODE_TYPE_FORT 0 43 }
37 15 : { NODE_TYPE_BLANK 0 0 }
37 16 : { NODE_TYPE_BLANK 0 0 }
37 17 : { NODE_TYPE_BLANK 0 0 }
37 18 : { NODE_TYPE_FORT 0 44 }
37 19 : { NODE_TYPE_FORT 0 41 }
37 20 : { NODE_TYPE_BLANK 0 0 }
37 21 : { NODE_TYPE_HILL 0 0 }
37 22 : { NODE_TYPE_BLANK 0 0 }
37 23 : { NODE_TYPE_BLANK 0 0 }
37 24 : { NODE_TYPE_FORT 0 48 }
37 25 : { NODE_TYPE_FORT 0 49 }
37 26 : { NODE_TYPE_BLANK 0 0 }
37 27 : { NODE_TYPE_HILL 0 0 }
37 28 : { NODE_TYPE_FORT 0 40 }
37 29 : { NODE_TYPE_BLANK 0 0 }
37 30 : { NODE_TYPE_HILL 0 0 }
37 31 : { NODE_TYPE_BLANK 0 0 }
37 32 : { NODE_TYPE_BLANK 0 0 }
37 33 : { NODE_TYPE_BLANK 0 0 }
37 34 : { NODE_TYPE_HILL 0 0 }
37 35 : { NODE_TYPE_BLANK 0 0 }
37 36 : { NODE_TYPE_FORT 0 42 }
37 37 : { NODE_TYPE_BLANK 0 0 }
37 38 : { NODE_TYPE_BLANK 0 0 }
37 39 : { NODE_TYPE_BLANK 0 0 }
38 0 : { NODE_TYPE_HILL 0 0 }
38 1 : { NODE_TYPE_HILL 0 0 }
38 2 : { NODE_TYPE_BLANK 0 0 }
38 3 : { NODE_TYPE_HILL 0 0 }
38 4 : { NODE_TYPE_HILL 0 0 }
38 5 : { NODE_TYPE_BLANK 0 0 }
38 6 : { NODE_TYPE_BLANK 0 0 }
38 7 : { NODE_TYPE_BLANK 0 0 }
38 8 : { NODE_TYPE_BLANK 0 0 }
38 9 : { NODE_TYPE_BLANK 0 0 }
38 10 : { NODE_TYPE_BLANK 0 0 }
38 11 : { NODE_TYPE_BLANK 0 0 }
38 12 : { NODE_TYPE_BLANK 0 0 }
38 13 : { NODE_TYPE_KING 6 0 }
38 14 : { NODE_TYPE_BLANK 0 0 }
38 15 : { NODE_TYPE_FORT 0 48 }
38 16 : { NODE_TYPE_BLANK 0 0 }
38 17 : { NODE_TYPE_BLANK 0 0 }
38 18 : { NODE_TYPE_HILL 0 0 }
38 19 : { NODE_TYPE_BLANK 0 0 }
38 20 : { NODE_TYPE_BLANK 0 0 }
38 21 : { NODE_TYPE_BLANK 0 0 }
38 22 : { NODE_TYPE_BLANK 0 0 }
38 23 : { NODE_TYPE_BLANK 0 0 }
38 24 : { NODE_TYPE_BLANK 0 0 }
38 25 : { NODE_TYPE_HILL 0 0 }
38 26 : { NODE_TYPE_HILL 0 0 }
38 27 : { NODE_TYPE_BLANK 0 0 }
38 28 : { NODE_TYPE_BLANK 0 0 }
38 29 : { NODE_TYPE_HILL 0 0 }
38 30 : { NODE_TYPE_KING 4 0 }
38 31 : { NODE_TYPE_HILL 0 0 }
38 32 : { NODE_TYPE_BLANK 0 0 }
38 33 : { NODE_TYPE_BLANK 0 0 }
38 34 : { NODE_TYPE_BLANK 0 0 }
38 35 : { NODE_TYPE_FORT 0 40 }
38 36 : { NODE_TYPE_BLANK 0 0 }
38 37 : { NODE_TYPE_BLANK 0 0 }
38 38 : { NODE_TYPE_BLANK 0 0 }
38 39 : { NODE_TYPE_HILL 0 0 }
39 0 : { NODE_TYPE_HILL 0 0 }
39 1 : { NODE_TYPE_BLANK 0 0 }
39 2 : { NODE_TYPE_BLANK 0 0 }
39 3 : { NODE_TYPE_BLANK 0 0 }
39 4 : { NODE_TYPE_BLANK 0 0 }
39 5 : { NODE_TYPE_BLANK 0 0 }
39 6 : { NODE_TYPE_BLANK 0 0 }
39 7 : { NODE_TYPE_BLANK 0 0 }
39 8 : { NODE_TYPE_BLANK 0 0 }
39 9 : { NODE_TYPE_BLANK 0 0 }
39 10 : { NODE_TYPE_BLANK 0 0 }
39 11 : { NODE_TYPE_HILL 0 0 }
39 12 : { NODE_TYPE_HILL 0 0 }
39 13 : { NODE_TYPE_BLANK 0 0 }
39 14 : { NODE_TYPE_HILL 0 0 }
39 15 : { NODE_TYPE_BLANK 0 0 }
39 16 : { NODE_TYPE_BLANK 0 0 }
39 17 : { NODE_TYPE_BLANK 0 0 }
39 18 : { NODE_TYPE_BLANK 0 0 }
39 19 : { NODE_TYPE_HILL 0 0 }
39 20 : { NODE_TYPE_BLANK 0 0 }
39 21 : { NODE_TYPE_FORT 0 48 }
39 22 : { NODE_TYPE_FORT 0 45 }
39 23 : { NODE_TYPE_BLANK 0 0 }
39 24 : { NODE_TYPE_BLANK 0 0 }
39 25 : { NODE_TYPE_BLANK 0 0 }
39 26 : { NODE_TYPE_HILL 0 0 }
39 27 : { NODE_TYPE_BLANK 0 0 }
39 28 : { NODE_TYPE_BLANK 0 0 }
39 29 : { NODE_TYPE_FORT 0 42 }
39 30 : { NODE_TYPE_BLANK 0 0 }
39 31 : { NODE_TYPE_HILL 0 0 }
39 32 : { NODE_TYPE_HILL 0 0 }
39 33 : { NODE_TYPE_BLANK 0 0 }
39 34 : { NODE_TYPE_HILL 0 0 }
39 35 : { NODE_TYPE_BLANK 0 0 }
39 36 : { NODE_TYPE_BLANK 0 0 }
39 37 : { NODE_TYPE_HILL 0 0 }
39 38 : { NODE_TYPE_BLANK 0 0 }
39 39 : { NODE_TYPE_HILL 0 0 }
