army : 4
size : 32 32
0 0 : { NODE_TYPE_FORT 0 45 }
0 1 : { NODE_TYPE_FORT 0 45 }
0 2 : { NODE_TYPE_BLANK 0 0 }
0 3 : { NODE_TYPE_BLANK 0 0 }
0 4 : { NODE_TYPE_BLANK 0 0 }
0 5 : { NODE_TYPE_BLANK 0 0 }
0 6 : { NODE_TYPE_BLANK 0 0 }
0 7 : { NODE_TYPE_BLANK 0 0 }
0 8 : { NODE_TYPE_BLANK 0 0 }
0 9 : { NODE_TYPE_BLANK 0 0 }
0 10 : { NODE_TYPE_BLANK 0 0 }
0 11 : { NODE_TYPE_BLANK 0 0 }
0 12 : { NODE_TYPE_BLANK 0 0 }
0 13 : { NODE_TYPE_BLANK 0 0 }
0 14 : { NODE_TYPE_BLANK 0 0 }
0 15 : { NODE_TYPE_BLANK 0 0 }
0 16 : { NODE_TYPE_BLANK 0 0 }
0 17 : { NODE_TYPE_BLANK 0 0 }
0 18 : { NODE_TYPE_BLANK 0 0 }
0 19 : { NODE_TYPE_BLANK 0 0 }
0 20 : { NODE_TYPE_BLANK 0 0 }
0 21 : { NODE_TYPE_BLANK 0 0 }
0 22 : { NODE_TYPE_BLANK 0 0 }
0 23 : { NODE_TYPE_BLANK 0 0 }
0 24 : { NODE_TYPE_BLANK 0 0 }
0 25 : { NODE_TYPE_BLANK 0 0 }
0 26 : { NODE_TYPE_BLANK 0 0 }
0 27 : { NODE_TYPE_BLANK 0 0 }
0 28 : { NODE_TYPE_BLANK 0 0 }
0 29 : { NODE_TYPE_BLANK 0 0 }
0 30 : { NODE_TYPE_BLANK 0 0 }
0 31 : { NODE_TYPE_FORT 0 45 }
1 0 : { NODE_TYPE_BLANK 0 0 }
1 1 : { NODE_TYPE_BLANK 0 0 }
1 2 : { NODE_TYPE_BLANK 0 0 }
1 3 : { NODE_TYPE_BLANK 0 0 }
1 4 : { NODE_TYPE_BLANK 0 0 }
1 5 : { NODE_TYPE_BLANK 0 0 }
1 6 : { NODE_TYPE_BLANK 0 0 }
1 7 : { NODE_TYPE_BLANK 0 0 }
1 8 : { NODE_TYPE_BLANK 0 0 }
1 9 : { NODE_TYPE_BLANK 0 0 }
1 10 : { NODE_TYPE_BLANK 0 0 }
1 11 : { NODE_TYPE_BLANK 0 0 }
1 12 : { NODE_TYPE_BLANK 0 0 }
1 13 : { NODE_TYPE_BLANK 0 0 }
1 14 : { NODE_TYPE_BLANK 0 0 }
1 15 : { NODE_TYPE_BLANK 0 0 }
1 16 : { NODE_TYPE_FORT 0 45 }
1 17 : { NODE_TYPE_BLANK 0 0 }
1 18 : { NODE_TYPE_BLANK 0 0 }
1 19 : { NODE_TYPE_BLANK 0 0 }
1 20 : { NODE_TYPE_BLANK 0 0 }
1 21 : { NODE_TYPE_BLANK 0 0 }
1 22 : { NODE_TYPE_BLANK 0 0 }
1 23 : { NODE_TYPE_BLANK 0 0 }
1 24 : { NODE_TYPE_BLANK 0 0 }
1 25 : { NODE_TYPE_BLANK 0 0 }
1 26 : { NODE_TYPE_BLANK 0 0 }
1 27 : { NODE_TYPE_BLANK 0 0 }
1 28 : { NODE_TYPE_BLANK 0 0 }
1 29 : { NODE_TYPE_BLANK 0 0 }
1 30 : { NODE_TYPE_BLANK 0 0 }
1 31 : { NODE_TYPE_FORT 0 45 }
2 0 : { NODE_TYPE_BLANK 0 0 }
2 1 : { NODE_TYPE_BLANK 0 0 }
2 2 : { NODE_TYPE_BLANK 0 0 }
2 3 : { NODE_TYPE_BLANK 0 0 }
2 4 : { NODE_TYPE_HILL 0 0 }
2 5 : { NODE_TYPE_BLANK 0 0 }
2 6 : { NODE_TYPE_FORT 0 45 }
2 7 : { NODE_TYPE_BLANK 0 0 }
2 8 : { NODE_TYPE_BLANK 0 0 }
2 9 : { NODE_TYPE_BLANK 0 0 }
2 10 : { NODE_TYPE_BLANK 0 0 }
2 11 : { NODE_TYPE_BLANK 0 0 }
2 12 : { NODE_TYPE_BLANK 0 0 }
2 13 : { NODE_TYPE_BLANK 0 0 }
2 14 : { NODE_TYPE_BLANK 0 0 }
2 15 : { NODE_TYPE_BLANK 0 0 }
2 16 : { NODE_TYPE_HILL 0 0 }
2 17 : { NODE_TYPE_BLANK 0 0 }
2 18 : { NODE_TYPE_BLANK 0 0 }
2 19 : { NODE_TYPE_BLANK 0 0 }
2 20 : { NODE_TYPE_BLANK 0 0 }
2 21 : { NODE_TYPE_BLANK 0 0 }
2 22 : { NODE_TYPE_BLANK 0 0 }
2 23 : { NODE_TYPE_BLANK 0 0 }
2 24 : { NODE_TYPE_BLANK 0 0 }
2 25 : { NODE_TYPE_BLANK 0 0 }
2 26 : { NODE_TYPE_BLANK 0 0 }
2 27 : { NODE_TYPE_BLANK 0 0 }
2 28 : { NODE_TYPE_BLANK 0 0 }
2 29 : { NODE_TYPE_BLANK 0 0 }
2 30 : { NODE_TYPE_BLANK 0 0 }
2 31 : { NODE_TYPE_BLANK 0 0 }
3 0 : { NODE_TYPE_BLANK 0 0 }
3 1 : { NODE_TYPE_BLANK 0 0 }
3 2 : { NODE_TYPE_HILL 0 0 }
3 3 : { NODE_TYPE_KING 1 0 }
3 4 : { NODE_TYPE_BLANK 0 0 }
3 5 : { NODE_TYPE_BLANK 0 0 }
3 6 : { NODE_TYPE_BLANK 0 0 }
3 7 : { NODE_TYPE_BLANK 0 0 }
3 8 : { NODE_TYPE_BLANK 0 0 }
3 9 : { NODE_TYPE_BLANK 0 0 }
3 10 : { NODE_TYPE_BLANK 0 0 }
3 11 : { NODE_TYPE_BLANK 0 0 }
3 12 : { NODE_TYPE_BLANK 0 0 }
3 13 : { NODE_TYPE_BLANK 0 0 }
3 14 : { NODE_TYPE_BLANK 0 0 }
3 15 : { NODE_TYPE_HILL 0 0 }
3 16 : { NODE_TYPE_BLANK 0 0 }
3 17 : { NODE_TYPE_BLANK 0 0 }
3 18 : { NODE_TYPE_BLANK 0 0 }
3 19 : { NODE_TYPE_BLANK 0 0 }
3 20 : { NODE_TYPE_BLANK 0 0 }
3 21 : { NODE_TYPE_BLANK 0 0 }
3 22 : { NODE_TYPE_BLANK 0 0 }
3 23 : { NODE_TYPE_BLANK 0 0 }
3 24 : { NODE_TYPE_BLANK 0 0 }
3 25 : { NODE_TYPE_BLANK 0 0 }
3 26 : { NODE_TYPE_BLANK 0 0 }
3 27 : { NODE_TYPE_BLANK 0 0 }
3 28 : { NODE_TYPE_BLANK 0 0 }
3 29 : { NODE_TYPE_BLANK 0 0 }
3 30 : { NODE_TYPE_BLANK 0 0 }
3 31 : { NODE_TYPE_BLANK 0 0 }
4 0 : { NODE_TYPE_BLANK 0 0 }
4 1 : { NODE_TYPE_BLANK 0 0 }
4 2 : { NODE_TYPE_BLANK 0 0 }
4 3 : { NODE_TYPE_BLANK 0 0 }
4 4 : { NODE_TYPE_HILL 0 0 }
4 5 : { NODE_TYPE_BLANK 0 0 }
4 6 : { NODE_TYPE_BLANK 0 0 }
4 7 : { NODE_TYPE_BLANK 0 0 }
4 8 : { NODE_TYPE_BLANK 0 0 }
4 9 : { NODE_TYPE_BLANK 0 0 }
4 10 : { NODE_TYPE_BLANK 0 0 }
4 11 : { NODE_TYPE_BLANK 0 0 }
4 12 : { NODE_TYPE_BLANK 0 0 }
4 13 : { NODE_TYPE_BLANK 0 0 }
4 14 : { NODE_TYPE_BLANK 0 0 }
4 15 : { NODE_TYPE_BLANK 0 0 }
4 16 : { NODE_TYPE_HILL 0 0 }
4 17 : { NODE_TYPE_BLANK 0 0 }
4 18 : { NODE_TYPE_BLANK 0 0 }
4 19 : { NODE_TYPE_BLANK 0 0 }
4 20 : { NODE_TYPE_BLANK 0 0 }
4 21 : { NODE_TYPE_BLANK 0 0 }
4 22 : { NODE_TYPE_BLANK 0 0 }
4 23 : { NODE_TYPE_BLANK 0 0 }
4 24 : { NODE_TYPE_BLANK 0 0 }
4 25 : { NODE_TYPE_BLANK 0 0 }
4 26 : { NODE_TYPE_FORT 0 45 }
4 27 : { NODE_TYPE_BLANK 0 0 }
4 28 : { NODE_TYPE_BLANK 0 0 }
4 29 : { NODE_TYPE_BLANK 0 0 }
4 30 : { NODE_TYPE_BLANK 0 0 }
4 31 : { NODE_TYPE_BLANK 0 0 }
5 0 : { NODE_TYPE_BLANK 0 0 }
5 1 : { NODE_TYPE_BLANK 0 0 }
5 2 : { NODE_TYPE_BLANK 0 0 }
5 3 : { NODE_TYPE_BLANK 0 0 }
5 4 : { NODE_TYPE_BLANK 0 0 }
5 5 : { NODE_TYPE_BLANK 0 0 }
5 6 : { NODE_TYPE_BLANK 0 0 }
5 7 : { NODE_TYPE_BLANK 0 0 }
5 8 : { NODE_TYPE_BLANK 0 0 }
5 9 : { NODE_TYPE_BLANK 0 0 }
5 10 : { NODE_TYPE_BLANK 0 0 }
5 11 : { NODE_TYPE_BLANK 0 0 }
5 12 : { NODE_TYPE_BLANK 0 0 }
5 13 : { NODE_TYPE_BLANK 0 0 }
5 14 : { NODE_TYPE_BLANK 0 0 }
5 15 : { NODE_TYPE_BLANK 0 0 }
5 16 : { NODE_TYPE_HILL 0 0 }
5 17 : { NODE_TYPE_BLANK 0 0 }
5 18 : { NODE_TYPE_BLANK 0 0 }
5 19 : { NODE_TYPE_BLANK 0 0 }
5 20 : { NODE_TYPE_BLANK 0 0 }
5 21 : { NODE_TYPE_BLANK 0 0 }
5 22 : { NODE_TYPE_BLANK 0 0 }
5 23 : { NODE_TYPE_BLANK 0 0 }
5 24 : { NODE_TYPE_HILL 0 0 }
5 25 : { NODE_TYPE_BLANK 0 0 }
5 26 : { NODE_TYPE_BLANK 0 0 }
5 27 : { NODE_TYPE_BLANK 0 0 }
5 28 : { NODE_TYPE_BLANK 0 0 }
5 29 : { NODE_TYPE_BLANK 0 0 }
5 30 : { NODE_TYPE_BLANK 0 0 }
5 31 : { NODE_TYPE_BLANK 0 0 }
6 0 : { NODE_TYPE_BLANK 0 0 }
6 1 : { NODE_TYPE_BLANK 0 0 }
6 2 : { NODE_TYPE_BLANK 0 0 }
6 3 : { NODE_TYPE_BLANK 0 0 }
6 4 : { NODE_TYPE_BLANK 0 0 }
6 5 : { NODE_TYPE_BLANK 0 0 }
6 6 : { NODE_TYPE_BLANK 0 0 }
6 7 : { NODE_TYPE_BLANK 0 0 }
6 8 : { NODE_TYPE_BLANK 0 0 }
6 9 : { NODE_TYPE_BLANK 0 0 }
6 10 : { NODE_TYPE_BLANK 0 0 }
6 11 : { NODE_TYPE_BLANK 0 0 }
6 12 : { NODE_TYPE_HILL 0 0 }
6 13 : { NODE_TYPE_BLANK 0 0 }
6 14 : { NODE_TYPE_BLANK 0 0 }
6 15 : { NODE_TYPE_BLANK 0 0 }
6 16 : { NODE_TYPE_FORT 0 45 }
6 17 : { NODE_TYPE_BLANK 0 0 }
6 18 : { NODE_TYPE_BLANK 0 0 }
6 19 : { NODE_TYPE_BLANK 0 0 }
6 20 : { NODE_TYPE_BLANK 0 0 }
6 21 : { NODE_TYPE_BLANK 0 0 }
6 22 : { NODE_TYPE_BLANK 0 0 }
6 23 : { NODE_TYPE_HILL 0 0 }
6 24 : { NODE_TYPE_KING 2 0 }
6 25 : { NODE_TYPE_BLANK 0 0 }
6 26 : { NODE_TYPE_BLANK 0 0 }
6 27 : { NODE_TYPE_BLANK 0 0 }
6 28 : { NODE_TYPE_BLANK 0 0 }
6 29 : { NODE_TYPE_BLANK 0 0 }
6 30 : { NODE_TYPE_BLANK 0 0 }
6 31 : { NODE_TYPE_BLANK 0 0 }
7 0 : { NODE_TYPE_BLANK 0 0 }
7 1 : { NODE_TYPE_BLANK 0 0 }
7 2 : { NODE_TYPE_FORT 0 45 }
7 3 : { NODE_TYPE_BLANK 0 0 }
7 4 : { NODE_TYPE_BLANK 0 0 }
7 5 : { NODE_TYPE_BLANK 0 0 }
7 6 : { NODE_TYPE_BLANK 0 0 }
7 7 : { NODE_TYPE_BLANK 0 0 }
7 8 : { NODE_TYPE_BLANK 0 0 }
7 9 : { NODE_TYPE_BLANK 0 0 }
7 10 : { NODE_TYPE_BLANK 0 0 }
7 11 : { NODE_TYPE_HILL 0 0 }
7 12 : { NODE_TYPE_BLANK 0 0 }
7 13 : { NODE_TYPE_BLANK 0 0 }
7 14 : { NODE_TYPE_BLANK 0 0 }
7 15 : { NODE_TYPE_BLANK 0 0 }
7 16 : { NODE_TYPE_HILL 0 0 }
7 17 : { NODE_TYPE_BLANK 0 0 }
7 18 : { NODE_TYPE_HILL 0 0 }
7 19 : { NODE_TYPE_BLANK 0 0 }
7 20 : { NODE_TYPE_BLANK 0 0 }
7 21 : { NODE_TYPE_BLANK 0 0 }
7 22 : { NODE_TYPE_BLANK 0 0 }
7 23 : { NODE_TYPE_BLANK 0 0 }
7 24 : { NODE_TYPE_HILL 0 0 }
7 25 : { NODE_TYPE_BLANK 0 0 }
7 26 : { NODE_TYPE_BLANK 0 0 }
7 27 : { NODE_TYPE_BLANK 0 0 }
7 28 : { NODE_TYPE_BLANK 0 0 }
7 29 : { NODE_TYPE_FORT 0 45 }
7 30 : { NODE_TYPE_BLANK 0 0 }
7 31 : { NODE_TYPE_BLANK 0 0 }
8 0 : { NODE_TYPE_BLANK 0 0 }
8 1 : { NODE_TYPE_BLANK 0 0 }
8 2 : { NODE_TYPE_BLANK 0 0 }
8 3 : { NODE_TYPE_BLANK 0 0 }
8 4 : { NODE_TYPE_BLANK 0 0 }
8 5 : { NODE_TYPE_BLANK 0 0 }
8 6 : { NODE_TYPE_BLANK 0 0 }
8 7 : { NODE_TYPE_BLANK 0 0 }
8 8 : { NODE_TYPE_BLANK 0 0 }
8 9 : { NODE_TYPE_BLANK 0 0 }
8 10 : { NODE_TYPE_BLANK 0 0 }
8 11 : { NODE_TYPE_FORT 0 45 }
8 12 : { NODE_TYPE_BLANK 0 0 }
8 13 : { NODE_TYPE_BLANK 0 0 }
8 14 : { NODE_TYPE_BLANK 0 0 }
8 15 : { NODE_TYPE_BLANK 0 0 }
8 16 : { NODE_TYPE_HILL 0 0 }
8 17 : { NODE_TYPE_BLANK 0 0 }
8 18 : { NODE_TYPE_BLANK 0 0 }
8 19 : { NODE_TYPE_HILL 0 0 }
8 20 : { NODE_TYPE_BLANK 0 0 }
8 21 : { NODE_TYPE_BLANK 0 0 }
8 22 : { NODE_TYPE_BLANK 0 0 }
8 23 : { NODE_TYPE_BLANK 0 0 }
8 24 : { NODE_TYPE_BLANK 0 0 }
8 25 : { NODE_TYPE_BLANK 0 0 }
8 26 : { NODE_TYPE_BLANK 0 0 }
8 27 : { NODE_TYPE_BLANK 0 0 }
8 28 : { NODE_TYPE_BLANK 0 0 }
8 29 : { NODE_TYPE_BLANK 0 0 }
8 30 : { NODE_TYPE_BLANK 0 0 }
8 31 : { NODE_TYPE_BLANK 0 0 }
9 0 : { NODE_TYPE_BLANK 0 0 }
9 1 : { NODE_TYPE_BLANK 0 0 }
9 2 : { NODE_TYPE_BLANK 0 0 }
9 3 : { NODE_TYPE_BLANK 0 0 }
9 4 : { NODE_TYPE_BLANK 0 0 }
9 5 : { NODE_TYPE_BLANK 0 0 }
9 6 : { NODE_TYPE_BLANK 0 0 }
9 7 : { NODE_TYPE_BLANK 0 0 }
9 8 : { NODE_TYPE_BLANK 0 0 }
9 9 : { NODE_TYPE_BLANK 0 0 }
9 10 : { NODE_TYPE_HILL 0 0 }
9 11 : { NODE_TYPE_BLANK 0 0 }
9 12 : { NODE_TYPE_BLANK 0 0 }
9 13 : { NODE_TYPE_BLANK 0 0 }
9 14 : { NODE_TYPE_BLANK 0 0 }
9 15 : { NODE_TYPE_BLANK 0 0 }
9 16 : { NODE_TYPE_BLANK 0 0 }
9 17 : { NODE_TYPE_BLANK 0 0 }
9 18 : { NODE_TYPE_BLANK 0 0 }
9 19 : { NODE_TYPE_FORT 0 45 }
9 20 : { NODE_TYPE_BLANK 0 0 }
9 21 : { NODE_TYPE_BLANK 0 0 }
9 22 : { NODE_TYPE_BLANK 0 0 }
9 23 : { NODE_TYPE_BLANK 0 0 }
9 24 : { NODE_TYPE_BLANK 0 0 }
9 25 : { NODE_TYPE_BLANK 0 0 }
9 26 : { NODE_TYPE_BLANK 0 0 }
9 27 : { NODE_TYPE_BLANK 0 0 }
9 28 : { NODE_TYPE_BLANK 0 0 }
9 29 : { NODE_TYPE_BLANK 0 0 }
9 30 : { NODE_TYPE_BLANK 0 0 }
9 31 : { NODE_TYPE_BLANK 0 0 }
10 0 : { NODE_TYPE_BLANK 0 0 }
10 1 : { NODE_TYPE_BLANK 0 0 }
10 2 : { NODE_TYPE_BLANK 0 0 }
10 3 : { NODE_TYPE_BLANK 0 0 }
10 4 : { NODE_TYPE_BLANK 0 0 }
10 5 : { NODE_TYPE_BLANK 0 0 }
10 6 : { NODE_TYPE_BLANK 0 0 }
10 7 : { NODE_TYPE_BLANK 0 0 }
10 8 : { NODE_TYPE_BLANK 0 0 }
10 9 : { NODE_TYPE_HILL 0 0 }
10 10 : { NODE_TYPE_HILL 0 0 }
10 11 : { NODE_TYPE_BLANK 0 0 }
10 12 : { NODE_TYPE_BLANK 0 0 }
10 13 : { NODE_TYPE_BLANK 0 0 }
10 14 : { NODE_TYPE_BLANK 0 0 }
10 15 : { NODE_TYPE_BLANK 0 0 }
10 16 : { NODE_TYPE_HILL 0 0 }
10 17 : { NODE_TYPE_BLANK 0 0 }
10 18 : { NODE_TYPE_BLANK 0 0 }
10 19 : { NODE_TYPE_BLANK 0 0 }
10 20 : { NODE_TYPE_HILL 0 0 }
10 21 : { NODE_TYPE_HILL 0 0 }
10 22 : { NODE_TYPE_BLANK 0 0 }
10 23 : { NODE_TYPE_BLANK 0 0 }
10 24 : { NODE_TYPE_BLANK 0 0 }
10 25 : { NODE_TYPE_BLANK 0 0 }
10 26 : { NODE_TYPE_BLANK 0 0 }
10 27 : { NODE_TYPE_BLANK 0 0 }
10 28 : { NODE_TYPE_BLANK 0 0 }
10 29 : { NODE_TYPE_BLANK 0 0 }
10 30 : { NODE_TYPE_BLANK 0 0 }
10 31 : { NODE_TYPE_BLANK 0 0 }
11 0 : { NODE_TYPE_BLANK 0 0 }
11 1 : { NODE_TYPE_BLANK 0 0 }
11 2 : { NODE_TYPE_BLANK 0 0 }
11 3 : { NODE_TYPE_BLANK 0 0 }
11 4 : { NODE_TYPE_BLANK 0 0 }
11 5 : { NODE_TYPE_BLANK 0 0 }
11 6 : { NODE_TYPE_BLANK 0 0 }
11 7 : { NODE_TYPE_BLANK 0 0 }
11 8 : { NODE_TYPE_FORT 0 45 }
11 9 : { NODE_TYPE_BLANK 0 0 }
11 10 : { NODE_TYPE_BLANK 0 0 }
11 11 : { NODE_TYPE_BLANK 0 0 }
11 12 : { NODE_TYPE_BLANK 0 0 }
11 13 : { NODE_TYPE_BLANK 0 0 }
11 14 : { NODE_TYPE_BLANK 0 0 }
11 15 : { NODE_TYPE_BLANK 0 0 }
11 16 : { NODE_TYPE_BLANK 0 0 }
11 17 : { NODE_TYPE_BLANK 0 0 }
11 18 : { NODE_TYPE_BLANK 0 0 }
11 19 : { NODE_TYPE_BLANK 0 0 }
11 20 : { NODE_TYPE_BLANK 0 0 }
11 21 : { NODE_TYPE_FORT 0 45 }
11 22 : { NODE_TYPE_BLANK 0 0 }
11 23 : { NODE_TYPE_BLANK 0 0 }
11 24 : { NODE_TYPE_BLANK 0 0 }
11 25 : { NODE_TYPE_BLANK 0 0 }
11 26 : { NODE_TYPE_BLANK 0 0 }
11 27 : { NODE_TYPE_BLANK 0 0 }
11 28 : { NODE_TYPE_BLANK 0 0 }
11 29 : { NODE_TYPE_BLANK 0 0 }
11 30 : { NODE_TYPE_BLANK 0 0 }
11 31 : { NODE_TYPE_BLANK 0 0 }
12 0 : { NODE_TYPE_BLANK 0 0 }
12 1 : { NODE_TYPE_BLANK 0 0 }
12 2 : { NODE_TYPE_BLANK 0 0 }
12 3 : { NODE_TYPE_BLANK 0 0 }
12 4 : { NODE_TYPE_BLANK 0 0 }
12 5 : { NODE_TYPE_BLANK 0 0 }
12 6 : { NODE_TYPE_BLANK 0 0 }
12 7 : { NODE_TYPE_BLANK 0 0 }
12 8 : { NODE_TYPE_BLANK 0 0 }
12 9 : { NODE_TYPE_BLANK 0 0 }
12 10 : { NODE_TYPE_BLANK 0 0 }
12 11 : { NODE_TYPE_BLANK 0 0 }
12 12 : { NODE_TYPE_BLANK 0 0 }
12 13 : { NODE_TYPE_BLANK 0 0 }
12 14 : { NODE_TYPE_BLANK 0 0 }
12 15 : { NODE_TYPE_BLANK 0 0 }
12 16 : { NODE_TYPE_BLANK 0 0 }
12 17 : { NODE_TYPE_BLANK 0 0 }
12 18 : { NODE_TYPE_BLANK 0 0 }
12 19 : { NODE_TYPE_BLANK 0 0 }
12 20 : { NODE_TYPE_BLANK 0 0 }
12 21 : { NODE_TYPE_BLANK 0 0 }
12 22 : { NODE_TYPE_BLANK 0 0 }
12 23 : { NODE_TYPE_BLANK 0 0 }
12 24 : { NODE_TYPE_BLANK 0 0 }
12 25 : { NODE_TYPE_BLANK 0 0 }
12 26 : { NODE_TYPE_BLANK 0 0 }
12 27 : { NODE_TYPE_BLANK 0 0 }
12 28 : { NODE_TYPE_BLANK 0 0 }
12 29 : { NODE_TYPE_BLANK 0 0 }
12 30 : { NODE_TYPE_BLANK 0 0 }
12 31 : { NODE_TYPE_BLANK 0 0 }
13 0 : { NODE_TYPE_BLANK 0 0 }
13 1 : { NODE_TYPE_BLANK 0 0 }
13 2 : { NODE_TYPE_BLANK 0 0 }
13 3 : { NODE_TYPE_HILL 0 0 }
13 4 : { NODE_TYPE_BLANK 0 0 }
13 5 : { NODE_TYPE_BLANK 0 0 }
13 6 : { NODE_TYPE_HILL 0 0 }
13 7 : { NODE_TYPE_BLANK 0 0 }
13 8 : { NODE_TYPE_BLANK 0 0 }
13 9 : { NODE_TYPE_HILL 0 0 }
13 10 : { NODE_TYPE_BLANK 0 0 }
13 11 : { NODE_TYPE_BLANK 0 0 }
13 12 : { NODE_TYPE_HILL 0 0 }
13 13 : { NODE_TYPE_BLANK 0 0 }
13 14 : { NODE_TYPE_BLANK 0 0 }
13 15 : { NODE_TYPE_HILL 0 0 }
13 16 : { NODE_TYPE_FORT 0 45 }
13 17 : { NODE_TYPE_BLANK 0 0 }
13 18 : { NODE_TYPE_BLANK 0 0 }
13 19 : { NODE_TYPE_HILL 0 0 }
13 20 : { NODE_TYPE_BLANK 0 0 }
13 21 : { NODE_TYPE_BLANK 0 0 }
13 22 : { NODE_TYPE_HILL 0 0 }
13 23 : { NODE_TYPE_BLANK 0 0 }
13 24 : { NODE_TYPE_BLANK 0 0 }
13 25 : { NODE_TYPE_HILL 0 0 }
13 26 : { NODE_TYPE_BLANK 0 0 }
13 27 : { NODE_TYPE_BLANK 0 0 }
13 28 : { NODE_TYPE_HILL 0 0 }
13 29 : { NODE_TYPE_BLANK 0 0 }
13 30 : { NODE_TYPE_BLANK 0 0 }
13 31 : { NODE_TYPE_BLANK 0 0 }
14 0 : { NODE_TYPE_BLANK 0 0 }
14 1 : { NODE_TYPE_BLANK 0 0 }
14 2 : { NODE_TYPE_BLANK 0 0 }
14 3 : { NODE_TYPE_FORT 0 45 }
14 4 : { NODE_TYPE_HILL 0 0 }
14 5 : { NODE_TYPE_BLANK 0 0 }
14 6 : { NODE_TYPE_FORT 0 45 }
14 7 : { NODE_TYPE_HILL 0 0 }
14 8 : { NODE_TYPE_BLANK 0 0 }
14 9 : { NODE_TYPE_FORT 0 45 }
14 10 : { NODE_TYPE_HILL 0 0 }
14 11 : { NODE_TYPE_BLANK 0 0 }
14 12 : { NODE_TYPE_FORT 0 45 }
14 13 : { NODE_TYPE_HILL 0 0 }
14 14 : { NODE_TYPE_BLANK 0 0 }
14 15 : { NODE_TYPE_FORT 0 45 }
14 16 : { NODE_TYPE_FORT 0 45 }
14 17 : { NODE_TYPE_HILL 0 0 }
14 18 : { NODE_TYPE_BLANK 0 0 }
14 19 : { NODE_TYPE_HILL 0 0 }
14 20 : { NODE_TYPE_FORT 0 45 }
14 21 : { NODE_TYPE_BLANK 0 0 }
14 22 : { NODE_TYPE_HILL 0 0 }
14 23 : { NODE_TYPE_FORT 0 45 }
14 24 : { NODE_TYPE_BLANK 0 0 }
14 25 : { NODE_TYPE_HILL 0 0 }
14 26 : { NODE_TYPE_FORT 0 45 }
14 27 : { NODE_TYPE_BLANK 0 0 }
14 28 : { NODE_TYPE_HILL 0 0 }
14 29 : { NODE_TYPE_FORT 0 45 }
14 30 : { NODE_TYPE_BLANK 0 0 }
14 31 : { NODE_TYPE_BLANK 0 0 }
15 0 : { NODE_TYPE_BLANK 0 0 }
15 1 : { NODE_TYPE_BLANK 0 0 }
15 2 : { NODE_TYPE_BLANK 0 0 }
15 3 : { NODE_TYPE_HILL 0 0 }
15 4 : { NODE_TYPE_BLANK 0 0 }
15 5 : { NODE_TYPE_BLANK 0 0 }
15 6 : { NODE_TYPE_HILL 0 0 }
15 7 : { NODE_TYPE_BLANK 0 0 }
15 8 : { NODE_TYPE_BLANK 0 0 }
15 9 : { NODE_TYPE_HILL 0 0 }
15 10 : { NODE_TYPE_BLANK 0 0 }
15 11 : { NODE_TYPE_BLANK 0 0 }
15 12 : { NODE_TYPE_HILL 0 0 }
15 13 : { NODE_TYPE_BLANK 0 0 }
15 14 : { NODE_TYPE_BLANK 0 0 }
15 15 : { NODE_TYPE_HILL 0 0 }
15 16 : { NODE_TYPE_FORT 0 45 }
15 17 : { NODE_TYPE_BLANK 0 0 }
15 18 : { NODE_TYPE_BLANK 0 0 }
15 19 : { NODE_TYPE_HILL 0 0 }
15 20 : { NODE_TYPE_BLANK 0 0 }
15 21 : { NODE_TYPE_BLANK 0 0 }
15 22 : { NODE_TYPE_HILL 0 0 }
15 23 : { NODE_TYPE_BLANK 0 0 }
15 24 : { NODE_TYPE_BLANK 0 0 }
15 25 : { NODE_TYPE_HILL 0 0 }
15 26 : { NODE_TYPE_BLANK 0 0 }
15 27 : { NODE_TYPE_BLANK 0 0 }
15 28 : { NODE_TYPE_HILL 0 0 }
15 29 : { NODE_TYPE_BLANK 0 0 }
15 30 : { NODE_TYPE_BLANK 0 0 }
15 31 : { NODE_TYPE_BLANK 0 0 }
16 0 : { NODE_TYPE_BLANK 0 0 }
16 1 : { NODE_TYPE_BLANK 0 0 }
16 2 : { NODE_TYPE_BLANK 0 0 }
16 3 : { NODE_TYPE_BLANK 0 0 }
16 4 : { NODE_TYPE_BLANK 0 0 }
16 5 : { NODE_TYPE_BLANK 0 0 }
16 6 : { NODE_TYPE_BLANK 0 0 }
16 7 : { NODE_TYPE_BLANK 0 0 }
16 8 : { NODE_TYPE_BLANK 0 0 }
16 9 : { NODE_TYPE_BLANK 0 0 }
16 10 : { NODE_TYPE_BLANK 0 0 }
16 11 : { NODE_TYPE_BLANK 0 0 }
16 12 : { NODE_TYPE_BLANK 0 0 }
16 13 : { NODE_TYPE_BLANK 0 0 }
16 14 : { NODE_TYPE_BLANK 0 0 }
16 15 : { NODE_TYPE_BLANK 0 0 }
16 16 : { NODE_TYPE_BLANK 0 0 }
16 17 : { NODE_TYPE_BLANK 0 0 }
16 18 : { NODE_TYPE_BLANK 0 0 }
16 19 : { NODE_TYPE_BLANK 0 0 }
16 20 : { NODE_TYPE_BLANK 0 0 }
16 21 : { NODE_TYPE_BLANK 0 0 }
16 22 : { NODE_TYPE_BLANK 0 0 }
16 23 : { NODE_TYPE_BLANK 0 0 }
16 24 : { NODE_TYPE_BLANK 0 0 }
16 25 : { NODE_TYPE_BLANK 0 0 }
16 26 : { NODE_TYPE_BLANK 0 0 }
16 27 : { NODE_TYPE_BLANK 0 0 }
16 28 : { NODE_TYPE_BLANK 0 0 }
16 29 : { NODE_TYPE_BLANK 0 0 }
16 30 : { NODE_TYPE_BLANK 0 0 }
16 31 : { NODE_TYPE_BLANK 0 0 }
17 0 : { NODE_TYPE_BLANK 0 0 }
17 1 : { NODE_TYPE_BLANK 0 0 }
17 2 : { NODE_TYPE_BLANK 0 0 }
17 3 : { NODE_TYPE_BLANK 0 0 }
17 4 : { NODE_TYPE_BLANK 0 0 }
17 5 : { NODE_TYPE_BLANK 0 0 }
17 6 : { NODE_TYPE_BLANK 0 0 }
17 7 : { NODE_TYPE_BLANK 0 0 }
17 8 : { NODE_TYPE_BLANK 0 0 }
17 9 : { NODE_TYPE_HILL 0 0 }
17 10 : { NODE_TYPE_BLANK 0 0 }
17 11 : { NODE_TYPE_BLANK 0 0 }
17 12 : { NODE_TYPE_BLANK 0 0 }
17 13 : { NODE_TYPE_BLANK 0 0 }
17 14 : { NODE_TYPE_BLANK 0 0 }
17 15 : { NODE_TYPE_BLANK 0 0 }
17 16 : { NODE_TYPE_BLANK 0 0 }
17 17 : { NODE_TYPE_BLANK 0 0 }
17 18 : { NODE_TYPE_BLANK 0 0 }
17 19 : { NODE_TYPE_BLANK 0 0 }
17 20 : { NODE_TYPE_BLANK 0 0 }
17 21 : { NODE_TYPE_FORT 0 45 }
17 22 : { NODE_TYPE_HILL 0 0 }
17 23 : { NODE_TYPE_BLANK 0 0 }
17 24 : { NODE_TYPE_BLANK 0 0 }
17 25 : { NODE_TYPE_BLANK 0 0 }
17 26 : { NODE_TYPE_BLANK 0 0 }
17 27 : { NODE_TYPE_BLANK 0 0 }
17 28 : { NODE_TYPE_BLANK 0 0 }
17 29 : { NODE_TYPE_BLANK 0 0 }
17 30 : { NODE_TYPE_BLANK 0 0 }
17 31 : { NODE_TYPE_BLANK 0 0 }
18 0 : { NODE_TYPE_BLANK 0 0 }
18 1 : { NODE_TYPE_BLANK 0 0 }
18 2 : { NODE_TYPE_BLANK 0 0 }
18 3 : { NODE_TYPE_BLANK 0 0 }
18 4 : { NODE_TYPE_BLANK 0 0 }
18 5 : { NODE_TYPE_BLANK 0 0 }
18 6 : { NODE_TYPE_BLANK 0 0 }
18 7 : { NODE_TYPE_BLANK 0 0 }
18 8 : { NODE_TYPE_BLANK 0 0 }
18 9 : { NODE_TYPE_BLANK 0 0 }
18 10 : { NODE_TYPE_FORT 0 45 }
18 11 : { NODE_TYPE_BLANK 0 0 }
18 12 : { NODE_TYPE_BLANK 0 0 }
18 13 : { NODE_TYPE_BLANK 0 0 }
18 14 : { NODE_TYPE_BLANK 0 0 }
18 15 : { NODE_TYPE_BLANK 0 0 }
18 16 : { NODE_TYPE_HILL 0 0 }
18 17 : { NODE_TYPE_BLANK 0 0 }
18 18 : { NODE_TYPE_BLANK 0 0 }
18 19 : { NODE_TYPE_BLANK 0 0 }
18 20 : { NODE_TYPE_BLANK 0 0 }
18 21 : { NODE_TYPE_HILL 0 0 }
18 22 : { NODE_TYPE_BLANK 0 0 }
18 23 : { NODE_TYPE_BLANK 0 0 }
18 24 : { NODE_TYPE_BLANK 0 0 }
18 25 : { NODE_TYPE_BLANK 0 0 }
18 26 : { NODE_TYPE_BLANK 0 0 }
18 27 : { NODE_TYPE_BLANK 0 0 }
18 28 : { NODE_TYPE_BLANK 0 0 }
18 29 : { NODE_TYPE_BLANK 0 0 }
18 30 : { NODE_TYPE_BLANK 0 0 }
18 31 : { NODE_TYPE_BLANK 0 0 }
19 0 : { NODE_TYPE_BLANK 0 0 }
19 1 : { NODE_TYPE_BLANK 0 0 }
19 2 : { NODE_TYPE_BLANK 0 0 }
19 3 : { NODE_TYPE_BLANK 0 0 }
19 4 : { NODE_TYPE_BLANK 0 0 }
19 5 : { NODE_TYPE_BLANK 0 0 }
19 6 : { NODE_TYPE_BLANK 0 0 }
19 7 : { NODE_TYPE_BLANK 0 0 }
19 8 : { NODE_TYPE_BLANK 0 0 }
19 9 : { NODE_TYPE_BLANK 0 0 }
19 10 : { NODE_TYPE_HILL 0 0 }
19 11 : { NODE_TYPE_BLANK 0 0 }
19 12 : { NODE_TYPE_BLANK 0 0 }
19 13 : { NODE_TYPE_BLANK 0 0 }
19 14 : { NODE_TYPE_BLANK 0 0 }
19 15 : { NODE_TYPE_BLANK 0 0 }
19 16 : { NODE_TYPE_BLANK 0 0 }
19 17 : { NODE_TYPE_BLANK 0 0 }
19 18 : { NODE_TYPE_BLANK 0 0 }
19 19 : { NODE_TYPE_BLANK 0 0 }
19 20 : { NODE_TYPE_HILL 0 0 }
19 21 : { NODE_TYPE_BLANK 0 0 }
19 22 : { NODE_TYPE_BLANK 0 0 }
19 23 : { NODE_TYPE_BLANK 0 0 }
19 24 : { NODE_TYPE_BLANK 0 0 }
19 25 : { NODE_TYPE_BLANK 0 0 }
19 26 : { NODE_TYPE_BLANK 0 0 }
19 27 : { NODE_TYPE_BLANK 0 0 }
19 28 : { NODE_TYPE_BLANK 0 0 }
19 29 : { NODE_TYPE_BLANK 0 0 }
19 30 : { NODE_TYPE_BLANK 0 0 }
19 31 : { NODE_TYPE_BLANK 0 0 }
20 0 : { NODE_TYPE_BLANK 0 0 }
20 1 : { NODE_TYPE_BLANK 0 0 }
20 2 : { NODE_TYPE_BLANK 0 0 }
20 3 : { NODE_TYPE_BLANK 0 0 }
20 4 : { NODE_TYPE_BLANK 0 0 }
20 5 : { NODE_TYPE_BLANK 0 0 }
20 6 : { NODE_TYPE_BLANK 0 0 }
20 7 : { NODE_TYPE_BLANK 0 0 }
20 8 : { NODE_TYPE_BLANK 0 0 }
20 9 : { NODE_TYPE_BLANK 0 0 }
20 10 : { NODE_TYPE_BLANK 0 0 }
20 11 : { NODE_TYPE_HILL 0 0 }
20 12 : { NODE_TYPE_FORT 0 45 }
20 13 : { NODE_TYPE_BLANK 0 0 }
20 14 : { NODE_TYPE_BLANK 0 0 }
20 15 : { NODE_TYPE_BLANK 0 0 }
20 16 : { NODE_TYPE_HILL 0 0 }
20 17 : { NODE_TYPE_BLANK 0 0 }
20 18 : { NODE_TYPE_BLANK 0 0 }
20 19 : { NODE_TYPE_FORT 0 45 }
20 20 : { NODE_TYPE_HILL 0 0 }
20 21 : { NODE_TYPE_BLANK 0 0 }
20 22 : { NODE_TYPE_BLANK 0 0 }
20 23 : { NODE_TYPE_BLANK 0 0 }
20 24 : { NODE_TYPE_BLANK 0 0 }
20 25 : { NODE_TYPE_BLANK 0 0 }
20 26 : { NODE_TYPE_BLANK 0 0 }
20 27 : { NODE_TYPE_BLANK 0 0 }
20 28 : { NODE_TYPE_BLANK 0 0 }
20 29 : { NODE_TYPE_BLANK 0 0 }
20 30 : { NODE_TYPE_BLANK 0 0 }
20 31 : { NODE_TYPE_BLANK 0 0 }
21 0 : { NODE_TYPE_BLANK 0 0 }
21 1 : { NODE_TYPE_BLANK 0 0 }
21 2 : { NODE_TYPE_BLANK 0 0 }
21 3 : { NODE_TYPE_BLANK 0 0 }
21 4 : { NODE_TYPE_BLANK 0 0 }
21 5 : { NODE_TYPE_BLANK 0 0 }
21 6 : { NODE_TYPE_BLANK 0 0 }
21 7 : { NODE_TYPE_BLANK 0 0 }
21 8 : { NODE_TYPE_BLANK 0 0 }
21 9 : { NODE_TYPE_BLANK 0 0 }
21 10 : { NODE_TYPE_BLANK 0 0 }
21 11 : { NODE_TYPE_BLANK 0 0 }
21 12 : { NODE_TYPE_HILL 0 0 }
21 13 : { NODE_TYPE_BLANK 0 0 }
21 14 : { NODE_TYPE_BLANK 0 0 }
21 15 : { NODE_TYPE_BLANK 0 0 }
21 16 : { NODE_TYPE_HILL 0 0 }
21 17 : { NODE_TYPE_BLANK 0 0 }
21 18 : { NODE_TYPE_BLANK 0 0 }
21 19 : { NODE_TYPE_BLANK 0 0 }
21 20 : { NODE_TYPE_BLANK 0 0 }
21 21 : { NODE_TYPE_BLANK 0 0 }
21 22 : { NODE_TYPE_BLANK 0 0 }
21 23 : { NODE_TYPE_BLANK 0 0 }
21 24 : { NODE_TYPE_BLANK 0 0 }
21 25 : { NODE_TYPE_BLANK 0 0 }
21 26 : { NODE_TYPE_BLANK 0 0 }
21 27 : { NODE_TYPE_BLANK 0 0 }
21 28 : { NODE_TYPE_BLANK 0 0 }
21 29 : { NODE_TYPE_FORT 0 45 }
21 30 : { NODE_TYPE_BLANK 0 0 }
21 31 : { NODE_TYPE_BLANK 0 0 }
22 0 : { NODE_TYPE_BLANK 0 0 }
22 1 : { NODE_TYPE_BLANK 0 0 }
22 2 : { NODE_TYPE_BLANK 0 0 }
22 3 : { NODE_TYPE_BLANK 0 0 }
22 4 : { NODE_TYPE_BLANK 0 0 }
22 5 : { NODE_TYPE_BLANK 0 0 }
22 6 : { NODE_TYPE_BLANK 0 0 }
22 7 : { NODE_TYPE_BLANK 0 0 }
22 8 : { NODE_TYPE_BLANK 0 0 }
22 9 : { NODE_TYPE_BLANK 0 0 }
22 10 : { NODE_TYPE_BLANK 0 0 }
22 11 : { NODE_TYPE_BLANK 0 0 }
22 12 : { NODE_TYPE_BLANK 0 0 }
22 13 : { NODE_TYPE_HILL 0 0 }
22 14 : { NODE_TYPE_BLANK 0 0 }
22 15 : { NODE_TYPE_BLANK 0 0 }
22 16 : { NODE_TYPE_HILL 0 0 }
22 17 : { NODE_TYPE_BLANK 0 0 }
22 18 : { NODE_TYPE_BLANK 0 0 }
22 19 : { NODE_TYPE_BLANK 0 0 }
22 20 : { NODE_TYPE_BLANK 0 0 }
22 21 : { NODE_TYPE_BLANK 0 0 }
22 22 : { NODE_TYPE_BLANK 0 0 }
22 23 : { NODE_TYPE_BLANK 0 0 }
22 24 : { NODE_TYPE_HILL 0 0 }
22 25 : { NODE_TYPE_BLANK 0 0 }
22 26 : { NODE_TYPE_BLANK 0 0 }
22 27 : { NODE_TYPE_BLANK 0 0 }
22 28 : { NODE_TYPE_BLANK 0 0 }
22 29 : { NODE_TYPE_BLANK 0 0 }
22 30 : { NODE_TYPE_BLANK 0 0 }
22 31 : { NODE_TYPE_BLANK 0 0 }
23 0 : { NODE_TYPE_BLANK 0 0 }
23 1 : { NODE_TYPE_BLANK 0 0 }
23 2 : { NODE_TYPE_BLANK 0 0 }
23 3 : { NODE_TYPE_FORT 0 45 }
23 4 : { NODE_TYPE_BLANK 0 0 }
23 5 : { NODE_TYPE_BLANK 0 0 }
23 6 : { NODE_TYPE_HILL 0 0 }
23 7 : { NODE_TYPE_BLANK 0 0 }
23 8 : { NODE_TYPE_BLANK 0 0 }
23 9 : { NODE_TYPE_BLANK 0 0 }
23 10 : { NODE_TYPE_BLANK 0 0 }
23 11 : { NODE_TYPE_BLANK 0 0 }
23 12 : { NODE_TYPE_BLANK 0 0 }
23 13 : { NODE_TYPE_BLANK 0 0 }
23 14 : { NODE_TYPE_BLANK 0 0 }
23 15 : { NODE_TYPE_FORT 0 45 }
23 16 : { NODE_TYPE_BLANK 0 0 }
23 17 : { NODE_TYPE_BLANK 0 0 }
23 18 : { NODE_TYPE_BLANK 0 0 }
23 19 : { NODE_TYPE_BLANK 0 0 }
23 20 : { NODE_TYPE_BLANK 0 0 }
23 21 : { NODE_TYPE_BLANK 0 0 }
23 22 : { NODE_TYPE_BLANK 0 0 }
23 23 : { NODE_TYPE_BLANK 0 0 }
23 24 : { NODE_TYPE_BLANK 0 0 }
23 25 : { NODE_TYPE_BLANK 0 0 }
23 26 : { NODE_TYPE_BLANK 0 0 }
23 27 : { NODE_TYPE_BLANK 0 0 }
23 28 : { NODE_TYPE_BLANK 0 0 }
23 29 : { NODE_TYPE_BLANK 0 0 }
23 30 : { NODE_TYPE_BLANK 0 0 }
23 31 : { NODE_TYPE_BLANK 0 0 }
24 0 : { NODE_TYPE_BLANK 0 0 }
24 1 : { NODE_TYPE_BLANK 0 0 }
24 2 : { NODE_TYPE_BLANK 0 0 }
24 3 : { NODE_TYPE_BLANK 0 0 }
24 4 : { NODE_TYPE_BLANK 0 0 }
24 5 : { NODE_TYPE_BLANK 0 0 }
24 6 : { NODE_TYPE_BLANK 0 0 }
24 7 : { NODE_TYPE_KING 3 0 }
24 8 : { NODE_TYPE_HILL 0 0 }
24 9 : { NODE_TYPE_BLANK 0 0 }
24 10 : { NODE_TYPE_BLANK 0 0 }
24 11 : { NODE_TYPE_BLANK 0 0 }
24 12 : { NODE_TYPE_BLANK 0 0 }
24 13 : { NODE_TYPE_BLANK 0 0 }
24 14 : { NODE_TYPE_BLANK 0 0 }
24 15 : { NODE_TYPE_BLANK 0 0 }
24 16 : { NODE_TYPE_HILL 0 0 }
24 17 : { NODE_TYPE_BLANK 0 0 }
24 18 : { NODE_TYPE_BLANK 0 0 }
24 19 : { NODE_TYPE_BLANK 0 0 }
24 20 : { NODE_TYPE_BLANK 0 0 }
24 21 : { NODE_TYPE_BLANK 0 0 }
24 22 : { NODE_TYPE_BLANK 0 0 }
24 23 : { NODE_TYPE_BLANK 0 0 }
24 24 : { NODE_TYPE_BLANK 0 0 }
24 25 : { NODE_TYPE_BLANK 0 0 }
24 26 : { NODE_TYPE_BLANK 0 0 }
24 27 : { NODE_TYPE_BLANK 0 0 }
24 28 : { NODE_TYPE_BLANK 0 0 }
24 29 : { NODE_TYPE_BLANK 0 0 }
24 30 : { NODE_TYPE_BLANK 0 0 }
24 31 : { NODE_TYPE_BLANK 0 0 }
25 0 : { NODE_TYPE_BLANK 0 0 }
25 1 : { NODE_TYPE_BLANK 0 0 }
25 2 : { NODE_TYPE_BLANK 0 0 }
25 3 : { NODE_TYPE_BLANK 0 0 }
25 4 : { NODE_TYPE_BLANK 0 0 }
25 5 : { NODE_TYPE_BLANK 0 0 }
25 6 : { NODE_TYPE_HILL 0 0 }
25 7 : { NODE_TYPE_BLANK 0 0 }
25 8 : { NODE_TYPE_BLANK 0 0 }
25 9 : { NODE_TYPE_BLANK 0 0 }
25 10 : { NODE_TYPE_BLANK 0 0 }
25 11 : { NODE_TYPE_BLANK 0 0 }
25 12 : { NODE_TYPE_BLANK 0 0 }
25 13 : { NODE_TYPE_BLANK 0 0 }
25 14 : { NODE_TYPE_BLANK 0 0 }
25 15 : { NODE_TYPE_HILL 0 0 }
25 16 : { NODE_TYPE_BLANK 0 0 }
25 17 : { NODE_TYPE_BLANK 0 0 }
25 18 : { NODE_TYPE_BLANK 0 0 }
25 19 : { NODE_TYPE_BLANK 0 0 }
25 20 : { NODE_TYPE_BLANK 0 0 }
25 21 : { NODE_TYPE_BLANK 0 0 }
25 22 : { NODE_TYPE_BLANK 0 0 }
25 23 : { NODE_TYPE_BLANK 0 0 }
25 24 : { NODE_TYPE_BLANK 0 0 }
25 25 : { NODE_TYPE_BLANK 0 0 }
25 26 : { NODE_TYPE_BLANK 0 0 }
25 27 : { NODE_TYPE_BLANK 0 0 }
25 28 : { NODE_TYPE_BLANK 0 0 }
25 29 : { NODE_TYPE_BLANK 0 0 }
25 30 : { NODE_TYPE_BLANK 0 0 }
25 31 : { NODE_TYPE_BLANK 0 0 }
26 0 : { NODE_TYPE_BLANK 0 0 }
26 1 : { NODE_TYPE_BLANK 0 0 }
26 2 : { NODE_TYPE_BLANK 0 0 }
26 3 : { NODE_TYPE_BLANK 0 0 }
26 4 : { NODE_TYPE_BLANK 0 0 }
26 5 : { NODE_TYPE_BLANK 0 0 }
26 6 : { NODE_TYPE_BLANK 0 0 }
26 7 : { NODE_TYPE_BLANK 0 0 }
26 8 : { NODE_TYPE_BLANK 0 0 }
26 9 : { NODE_TYPE_BLANK 0 0 }
26 10 : { NODE_TYPE_BLANK 0 0 }
26 11 : { NODE_TYPE_BLANK 0 0 }
26 12 : { NODE_TYPE_BLANK 0 0 }
26 13 : { NODE_TYPE_BLANK 0 0 }
26 14 : { NODE_TYPE_BLANK 0 0 }
26 15 : { NODE_TYPE_HILL 0 0 }
26 16 : { NODE_TYPE_BLANK 0 0 }
26 17 : { NODE_TYPE_BLANK 0 0 }
26 18 : { NODE_TYPE_BLANK 0 0 }
26 19 : { NODE_TYPE_BLANK 0 0 }
26 20 : { NODE_TYPE_BLANK 0 0 }
26 21 : { NODE_TYPE_BLANK 0 0 }
26 22 : { NODE_TYPE_BLANK 0 0 }
26 23 : { NODE_TYPE_BLANK 0 0 }
26 24 : { NODE_TYPE_BLANK 0 0 }
26 25 : { NODE_TYPE_BLANK 0 0 }
26 26 : { NODE_TYPE_BLANK 0 0 }
26 27 : { NODE_TYPE_BLANK 0 0 }
26 28 : { NODE_TYPE_BLANK 0 0 }
26 29 : { NODE_TYPE_BLANK 0 0 }
26 30 : { NODE_TYPE_BLANK 0 0 }
26 31 : { NODE_TYPE_BLANK 0 0 }
27 0 : { NODE_TYPE_BLANK 0 0 }
27 1 : { NODE_TYPE_BLANK 0 0 }
27 2 : { NODE_TYPE_BLANK 0 0 }
27 3 : { NODE_TYPE_BLANK 0 0 }
27 4 : { NODE_TYPE_BLANK 0 0 }
27 5 : { NODE_TYPE_BLANK 0 0 }
27 6 : { NODE_TYPE_BLANK 0 0 }
27 7 : { NODE_TYPE_BLANK 0 0 }
27 8 : { NODE_TYPE_BLANK 0 0 }
27 9 : { NODE_TYPE_BLANK 0 0 }
27 10 : { NODE_TYPE_BLANK 0 0 }
27 11 : { NODE_TYPE_BLANK 0 0 }
27 12 : { NODE_TYPE_BLANK 0 0 }
27 13 : { NODE_TYPE_BLANK 0 0 }
27 14 : { NODE_TYPE_BLANK 0 0 }
27 15 : { NODE_TYPE_HILL 0 0 }
27 16 : { NODE_TYPE_BLANK 0 0 }
27 17 : { NODE_TYPE_BLANK 0 0 }
27 18 : { NODE_TYPE_BLANK 0 0 }
27 19 : { NODE_TYPE_BLANK 0 0 }
27 20 : { NODE_TYPE_BLANK 0 0 }
27 21 : { NODE_TYPE_BLANK 0 0 }
27 22 : { NODE_TYPE_BLANK 0 0 }
27 23 : { NODE_TYPE_BLANK 0 0 }
27 24 : { NODE_TYPE_BLANK 0 0 }
27 25 : { NODE_TYPE_BLANK 0 0 }
27 26 : { NODE_TYPE_BLANK 0 0 }
27 27 : { NODE_TYPE_FORT 0 45 }
27 28 : { NODE_TYPE_BLANK 0 0 }
27 29 : { NODE_TYPE_BLANK 0 0 }
27 30 : { NODE_TYPE_BLANK 0 0 }
27 31 : { NODE_TYPE_BLANK 0 0 }
28 0 : { NODE_TYPE_BLANK 0 0 }
28 1 : { NODE_TYPE_BLANK 0 0 }
28 2 : { NODE_TYPE_BLANK 0 0 }
28 3 : { NODE_TYPE_BLANK 0 0 }
28 4 : { NODE_TYPE_BLANK 0 0 }
28 5 : { NODE_TYPE_BLANK 0 0 }
28 6 : { NODE_TYPE_BLANK 0 0 }
28 7 : { NODE_TYPE_BLANK 0 0 }
28 8 : { NODE_TYPE_BLANK 0 0 }
28 9 : { NODE_TYPE_BLANK 0 0 }
28 10 : { NODE_TYPE_BLANK 0 0 }
28 11 : { NODE_TYPE_BLANK 0 0 }
28 12 : { NODE_TYPE_BLANK 0 0 }
28 13 : { NODE_TYPE_BLANK 0 0 }
28 14 : { NODE_TYPE_BLANK 0 0 }
28 15 : { NODE_TYPE_HILL 0 0 }
28 16 : { NODE_TYPE_BLANK 0 0 }
28 17 : { NODE_TYPE_BLANK 0 0 }
28 18 : { NODE_TYPE_BLANK 0 0 }
28 19 : { NODE_TYPE_BLANK 0 0 }
28 20 : { NODE_TYPE_BLANK 0 0 }
28 21 : { NODE_TYPE_BLANK 0 0 }
28 22 : { NODE_TYPE_BLANK 0 0 }
28 23 : { NODE_TYPE_BLANK 0 0 }
28 24 : { NODE_TYPE_BLANK 0 0 }
28 25 : { NODE_TYPE_BLANK 0 0 }
28 26 : { NODE_TYPE_BLANK 0 0 }
28 27 : { NODE_TYPE_BLANK 0 0 }
28 28 : { NODE_TYPE_BLANK 0 0 }
28 29 : { NODE_TYPE_HILL 0 0 }
28 30 : { NODE_TYPE_BLANK 0 0 }
28 31 : { NODE_TYPE_BLANK 0 0 }
29 0 : { NODE_TYPE_BLANK 0 0 }
29 1 : { NODE_TYPE_BLANK 0 0 }
29 2 : { NODE_TYPE_BLANK 0 0 }
29 3 : { NODE_TYPE_BLANK 0 0 }
29 4 : { NODE_TYPE_BLANK 0 0 }
29 5 : { NODE_TYPE_BLANK 0 0 }
29 6 : { NODE_TYPE_BLANK 0 0 }
29 7 : { NODE_TYPE_BLANK 0 0 }
29 8 : { NODE_TYPE_BLANK 0 0 }
29 9 : { NODE_TYPE_BLANK 0 0 }
29 10 : { NODE_TYPE_BLANK 0 0 }
29 11 : { NODE_TYPE_BLANK 0 0 }
29 12 : { NODE_TYPE_BLANK 0 0 }
29 13 : { NODE_TYPE_BLANK 0 0 }
29 14 : { NODE_TYPE_BLANK 0 0 }
29 15 : { NODE_TYPE_FORT 0 45 }
29 16 : { NODE_TYPE_BLANK 0 0 }
29 17 : { NODE_TYPE_BLANK 0 0 }
29 18 : { NODE_TYPE_BLANK 0 0 }
29 19 : { NODE_TYPE_BLANK 0 0 }
29 20 : { NODE_TYPE_BLANK 0 0 }
29 21 : { NODE_TYPE_BLANK 0 0 }
29 22 : { NODE_TYPE_BLANK 0 0 }
29 23 : { NODE_TYPE_BLANK 0 0 }
29 24 : { NODE_TYPE_BLANK 0 0 }
29 25 : { NODE_TYPE_BLANK 0 0 }
29 26 : { NODE_TYPE_BLANK 0 0 }
29 27 : { NODE_TYPE_BLANK 0 0 }
29 28 : { NODE_TYPE_BLANK 0 0 }
29 29 : { NODE_TYPE_KING 4 0 }
29 30 : { NODE_TYPE_HILL 0 0 }
29 31 : { NODE_TYPE_BLANK 0 0 }
30 0 : { NODE_TYPE_FORT 0 45 }
30 1 : { NODE_TYPE_BLANK 0 0 }
30 2 : { NODE_TYPE_BLANK 0 0 }
30 3 : { NODE_TYPE_BLANK 0 0 }
30 4 : { NODE_TYPE_BLANK 0 0 }
30 5 : { NODE_TYPE_BLANK 0 0 }
30 6 : { NODE_TYPE_FORT 0 45 }
30 7 : { NODE_TYPE_BLANK 0 0 }
30 8 : { NODE_TYPE_BLANK 0 0 }
30 9 : { NODE_TYPE_BLANK 0 0 }
30 10 : { NODE_TYPE_BLANK 0 0 }
30 11 : { NODE_TYPE_BLANK 0 0 }
30 12 : { NODE_TYPE_BLANK 0 0 }
30 13 : { NODE_TYPE_BLANK 0 0 }
30 14 : { NODE_TYPE_BLANK 0 0 }
30 15 : { NODE_TYPE_BLANK 0 0 }
30 16 : { NODE_TYPE_BLANK 0 0 }
30 17 : { NODE_TYPE_BLANK 0 0 }
30 18 : { NODE_TYPE_BLANK 0 0 }
30 19 : { NODE_TYPE_BLANK 0 0 }
30 20 : { NODE_TYPE_BLANK 0 0 }
30 21 : { NODE_TYPE_BLANK 0 0 }
30 22 : { NODE_TYPE_BLANK 0 0 }
30 23 : { NODE_TYPE_BLANK 0 0 }
30 24 : { NODE_TYPE_BLANK 0 0 }
30 25 : { NODE_TYPE_BLANK 0 0 }
30 26 : { NODE_TYPE_BLANK 0 0 }
30 27 : { NODE_TYPE_BLANK 0 0 }
30 28 : { NODE_TYPE_BLANK 0 0 }
30 29 : { NODE_TYPE_HILL 0 0 }
30 30 : { NODE_TYPE_BLANK 0 0 }
30 31 : { NODE_TYPE_BLANK 0 0 }
31 0 : { NODE_TYPE_FORT 0 45 }
31 1 : { NODE_TYPE_BLANK 0 0 }
31 2 : { NODE_TYPE_BLANK 0 0 }
31 3 : { NODE_TYPE_BLANK 0 0 }
31 4 : { NODE_TYPE_BLANK 0 0 }
31 5 : { NODE_TYPE_BLANK 0 0 }
31 6 : { NODE_TYPE_BLANK 0 0 }
31 7 : { NODE_TYPE_BLANK 0 0 }
31 8 : { NODE_TYPE_BLANK 0 0 }
31 9 : { NODE_TYPE_BLANK 0 0 }
31 10 : { NODE_TYPE_BLANK 0 0 }
31 11 : { NODE_TYPE_BLANK 0 0 }
31 12 : { NODE_TYPE_BLANK 0 0 }
31 13 : { NODE_TYPE_BLANK 0 0 }
31 14 : { NODE_TYPE_BLANK 0 0 }
31 15 : { NODE_TYPE_BLANK 0 0 }
31 16 : { NODE_TYPE_BLANK 0 0 }
31 17 : { NODE_TYPE_BLANK 0 0 }
31 18 : { NODE_TYPE_BLANK 0 0 }
31 19 : { NODE_TYPE_BLANK 0 0 }
31 20 : { NODE_TYPE_BLANK 0 0 }
31 21 : { NODE_TYPE_BLANK 0 0 }
31 22 : { NODE_TYPE_BLANK 0 0 }
31 23 : { NODE_TYPE_BLANK 0 0 }
31 24 : { NODE_TYPE_BLANK 0 0 }
31 25 : { NODE_TYPE_BLANK 0 0 }
31 26 : { NODE_TYPE_BLANK 0 0 }
31 27 : { NODE_TYPE_BLANK 0 0 }
31 28 : { NODE_TYPE_BLANK 0 0 }
31 29 : { NODE_TYPE_BLANK 0 0 }
31 30 : { NODE_TYPE_FORT 0 45 }
31 31 : { NODE_TYPE_FORT 0 45 }
